2026-05-15 13:46:33.395 28949-28949 InsetsSourceConsumer    com.hermitech.hermivision            D  setRequestedVisible: visible=false, type=2, host=com.hermitech.hermivision/com.hermitech.hermivision.MainActivity, from=android.view.InsetsSourceConsumer.hide:257 android.view.InsetsController.collectSourceControls:1310 android.view.InsetsController.controlAnimationUnchecked:1164 android.view.InsetsController.applyAnimation:1576 android.view.InsetsController.applyAnimation:1557 android.view.InsetsController.hide:1093 android.view.InsetsController.hide:1068 androidx.core.view.WindowInsetsControllerCompat$Impl30.hide:664 androidx.core.view.WindowInsetsControllerCompat.hide:197 com.hermitech.hermivision.ui.live.LiveAnalysisScreenKt.LiveAnalysisScreen$lambda$6$lambda$5:53 
2026-05-15 13:46:33.396 28949-28949 InsetsController        com.hermitech.hermivision            D  controlAnimationUnchecked: Added types=3 animType=1 host=com.hermitech.hermivision/com.hermitech.hermivision.MainActivity from=android.view.InsetsController.applyAnimation:1576 android.view.InsetsController.applyAnimation:1557 android.view.InsetsController.hide:1093 
2026-05-15 13:46:33.396 28949-28949 InsetsSourceConsumer    com.hermitech.hermivision            D  setRequestedVisible: visible=false, type=1, host=com.hermitech.hermivision/com.hermitech.hermivision.MainActivity, from=android.view.InsetsSourceConsumer.hide:257 android.view.InsetsSourceConsumer.hide:261 android.view.InsetsController.hideDirectly:1593 android.view.InsetsController.controlAnimationUnchecked:1234 android.view.InsetsController.applyAnimation:1576 android.view.InsetsController.applyAnimation:1557 android.view.InsetsController.hide:1093 android.view.InsetsController.hide:1068 androidx.core.view.WindowInsetsControllerCompat$Impl30.hide:664 androidx.core.view.WindowInsetsControllerCompat.hide:197 
2026-05-15 13:46:33.397 28949-28949 InsetsSourceConsumer    com.hermitech.hermivision            D  setRequestedVisible: visible=false, type=0, host=com.hermitech.hermivision/com.hermitech.hermivision.MainActivity, from=android.view.InsetsSourceConsumer.hide:257 android.view.InsetsSourceConsumer.hide:261 android.view.InsetsController.hideDirectly:1593 android.view.InsetsController.controlAnimationUnchecked:1234 android.view.InsetsController.applyAnimation:1576 android.view.InsetsController.applyAnimation:1557 android.view.InsetsController.hide:1093 android.view.InsetsController.hide:1068 androidx.core.view.WindowInsetsControllerCompat$Impl30.hide:664 androidx.core.view.WindowInsetsControllerCompat.hide:197 
2026-05-15 13:46:33.397 28949-28949 DecorView               com.hermitech.hermivision            I  notifyKeepScreenOnChanged: keepScreenOn=true
2026-05-15 13:46:33.401 28949-28949 OnBackInvokedCallback   com.hermitech.hermivision            W  OnBackInvokedCallback is not enabled for the application.
                                                                                                    Set 'android:enableOnBackInvokedCallback="true"' in the application manifest.
2026-05-15 13:46:33.427 28949-28949 DecorView               com.hermitech.hermivision            I  notifyKeepScreenOnChanged: keepScreenOn=true
2026-05-15 13:46:33.430 28949-28949 ViewRootIm...nActivity] com.hermitech.hermivision            I  performTraversals params={(0,0)(fillxfill) sim={adjust=pan} layoutInDisplayCutoutMode=always ty=BASE_APPLICATION wanim=0x1030309
                                                                                                      fl=81810180
                                                                                                      pfl=16020040
                                                                                                      vsysui=3110
                                                                                                      apr=LIGHT_STATUS_BARS LIGHT_NAVIGATION_BARS
                                                                                                      bhv=DEFAULT
                                                                                                      fitSides= naviIconColor=0}
2026-05-15 13:46:33.431 28949-28949 ViewRootIm...nActivity] com.hermitech.hermivision            I  performTraversals mFirst=false windowShouldResize=false viewVisibilityChanged=false mForceNextWindowRelayout=false params={(0,0)(fillxfill) sim={adjust=pan} layoutInDisplayCutoutMode=always ty=BASE_APPLICATION wanim=0x1030309
                                                                                                      fl=81810180
                                                                                                      pfl=16020040
                                                                                                      vsysui=3110
                                                                                                      apr=LIGHT_STATUS_BARS LIGHT_NAVIGATION_BARS
                                                                                                      bhv=SHOW_TRANSIENT_BARS_BY_SWIPE
                                                                                                      fitSides= naviIconColor=0}
2026-05-15 13:46:33.435 28949-28963 ViewRootIm...nActivity] com.hermitech.hermivision            I  Resizing android.view.ViewRootImpl@c9b1c98: frame = [0,0][1600,720] reportDraw = false forceLayout = false syncSeqId = 0
2026-05-15 13:46:33.438 28949-28949 InsetsController        com.hermitech.hermivision            D  onStateChanged: InsetsState: {mDisplayFrame=Rect(0, 0 - 1600, 720), mDisplayCutout=DisplayCutout{insets=Rect(59, 0 - 0, 0) waterfall=Insets{left=0, top=0, right=0, bottom=0} boundingRect={Bounds=[Rect(0, 320 - 59, 400), Rect(0, 0 - 0, 0), Rect(0, 0 - 0, 0), Rect(0, 0 - 0, 0)]} cutoutPathParserInfo={CutoutPathParserInfo{displayWidth=720 displayHeight=1600 physicalDisplayWidth=720 physicalDisplayHeight=1600 density={1.875} cutoutSpec={M 0,0 H -21.33333333333333 V 31.46666666666667 H 21.33333333333333 V 0 H 0 Z @dp} rotation={1} scale={1.0} physicalPixelDisplaySizeRatio={1.0}}}}, mRoundedCorners=RoundedCorners{[RoundedCorner{position=TopLeft, radius=60, center=Point(60, 60)}, RoundedCorner{position=TopRight, radius=60, center=Point(1540, 60)}, RoundedCorner{position=BottomRight, radius=60, center=Point(1540, 660)}, RoundedCorner{position=BottomLeft, radius=60, center=Point(60, 660)}]}  mRoundedCornerFrame=Rect(0, 0 - 1600, 720), mPrivacyIndicatorBounds=PrivacyIndicatorBounds {static bounds=Rect(1517, 0 - 1600, 45) rotation=1}, mSources= { InsetsSource: {mType=ITYPE_STATUS_BAR, mFrame=[0,0][1600,45], mVisible=false, mInsetsRoundedCornerFrame=false}, InsetsSource: {mType=ITYPE_NAVIGATION_BAR, mFrame=[1510,0][1600,720], mVisible=false, mInsetsRoundedCornerFrame=false}, InsetsSource: {mType=ITYPE_LEFT_GESTURES, mFrame=[0,0][59,720], mVisible=true, mInsetsRoundedCornerFrame=false}, InsetsSource: {mType=ITYPE_RIGHT_GESTURES, mFrame=[1600,0][1600,720], mVisible=true, mInsetsRoundedCornerFrame=false}, InsetsSource: {mType=ITYPE_TOP_MANDATORY_GESTURES, mFrame=[0,0][1600,45], mVisible=true, mInsetsRoundedCornerFrame=false}, InsetsSource: {mType=ITYPE_BOTTOM_MANDATORY_GESTURES, mFrame=[1510,0][1600,720], mVisible=true, mInsetsRoundedCornerFrame=false}, InsetsSource: {mType=ITYPE_LEFT_DISPLAY_CUTOUT, mFrame=[0,0][59,720], mVisible=true, mInsetsRoundedCornerFrame=false}, InsetsSource: {mType=ITYPE_TOP_DISPLAY_CUTOUT, mFrame=[0,0][1600,-100000], mVisible=true, mInsetsRoundedCornerFrame=false}, InsetsSource: {mType=ITYPE_RIGHT_DISPLAY_CUTOUT, mFrame=[100000,0][1600,720], mVisible=true, mInsetsRoundedCornerFrame=false}, InsetsSource: {mType=ITYPE_BOTTOM_DISPLAY_CUTOUT, mFrame=[0,100000][1600,720], mVisible=true, mInsetsRoundedCornerFrame=false}, InsetsSource: {mType=ITYPE_TOP_TAPPABLE_ELEMENT, mFrame=[0,0][1600,45], mVisible=true, mInsetsRoundedCornerFrame=false}, InsetsSource: {mType=ITYPE_BOTTOM_TAPPABLE_ELEMENT, mFrame=[1510,0][1600,720], mVisible=true, mInsetsRoundedCornerFrame=false}, InsetsSource: {mType=ITYPE_IME, mFrame=[0,0][0,0], mVisible=false, mInsetsRoundedCornerFrame=false} } host=com.hermitech.hermivision/com.hermitech.hermivision.MainActivity from=android.view.ViewRootImpl.relayoutWindow:9802
2026-05-15 13:46:33.439 28949-28949 DecorView               com.hermitech.hermivision            I  onImmersiveModeChanged: isStatusBarHidden=true
2026-05-15 13:46:33.439 28949-28949 ViewRootIm...nActivity] com.hermitech.hermivision            I  updateBlastSurfaceIfNeeded mBlastBufferQueue=0xb400007c21a69000 isSameSurfaceControl=true
2026-05-15 13:46:33.439 28949-28949 BLASTBufferQueue        com.hermitech.hermivision            I  update, w= 1600 h= 720 mName = ViewRootImpl@de091ac[MainActivity] mNativeObject= 0xb400007c21a69000 sc.mNativeObject= 0xb400007c227fd1e0 format= -1 caller= android.view.ViewRootImpl.updateBlastSurfaceIfNeeded:2898 android.view.ViewRootImpl.relayoutWindow:9847 android.view.ViewRootImpl.performTraversals:3884 android.view.ViewRootImpl.doTraversal:3116 android.view.ViewRootImpl$TraversalRunnable.run:10885 android.view.Choreographer$CallbackRecord.run:1301 
2026-05-15 13:46:33.439 28949-28949 ViewRootIm...nActivity] com.hermitech.hermivision            I  Relayout returned: old=(0,0,1600,720) new=(0,0,1600,720) req=(1600,720)0 dur=8 res=0x0 s={true 0xb400007c21aff800} ch=false seqId=0
2026-05-15 13:46:33.473 28949-28989 ViewRootIm...nActivity] com.hermitech.hermivision            I  mWNT: t=0xb400007c84c28800 mBlastBufferQueue=0xb400007c21a69000 fn= 22 caller= android.view.SyncRtSurfaceTransactionApplier.applyTransaction:96 android.view.SyncRtSurfaceTransactionApplier.lambda$scheduleApply$0$android-view-SyncRtSurfaceTransactionApplier:69 android.view.SyncRtSurfaceTransactionApplier$$ExternalSyntheticLambda0.onFrameDraw:4 
2026-05-15 13:46:33.486 28949-28949 OpenCV/StaticHelper     com.hermitech.hermivision            D  First attempt to load libs
2026-05-15 13:46:33.486 28949-28949 OpenCV/StaticHelper     com.hermitech.hermivision            D  Trying to load library opencv_java4
2026-05-15 13:46:33.488 28949-28949 nativeloader            com.hermitech.hermivision            D  Load /data/app/~~SQOkEx8njsIm38GjhXPopg==/com.hermitech.hermivision-T0aXnDgYeFHzFaRNsquUkA==/base.apk!/lib/arm64-v8a/libopencv_java4.so using class loader ns clns-4 (caller=/data/app/~~SQOkEx8njsIm38GjhXPopg==/com.hermitech.hermivision-T0aXnDgYeFHzFaRNsquUkA==/base.apk!classes19.dex): ok
2026-05-15 13:46:33.488 28949-28949 OpenCV/StaticHelper     com.hermitech.hermivision            D  Library opencv_java4 loaded
2026-05-15 13:46:33.488 28949-28949 OpenCV/StaticHelper     com.hermitech.hermivision            D  First attempt to load libs is OK
2026-05-15 13:46:33.490 28949-28949 OpenCV/StaticHelper     com.hermitech.hermivision            I  
2026-05-15 13:46:33.490 28949-28949 OpenCV/StaticHelper     com.hermitech.hermivision            I  General configuration for OpenCV 4.9.0 =====================================
2026-05-15 13:46:33.490 28949-28949 OpenCV/StaticHelper     com.hermitech.hermivision            I    Version control:               4.9.0-dirty
2026-05-15 13:46:33.490 28949-28949 OpenCV/StaticHelper     com.hermitech.hermivision            I  
2026-05-15 13:46:33.490 28949-28949 OpenCV/StaticHelper     com.hermitech.hermivision            I    Platform:
2026-05-15 13:46:33.490 28949-28949 OpenCV/StaticHelper     com.hermitech.hermivision            I      Timestamp:                   2023-12-28T01:20:04Z
2026-05-15 13:46:33.490 28949-28949 OpenCV/StaticHelper     com.hermitech.hermivision            I      Host:                        Linux 5.4.0-169-generic x86_64
2026-05-15 13:46:33.490 28949-28949 OpenCV/StaticHelper     com.hermitech.hermivision            I      Target:                      Android 1 aarch64
2026-05-15 13:46:33.490 28949-28949 OpenCV/StaticHelper     com.hermitech.hermivision            I      CMake:                       3.22.1-g37088a8
2026-05-15 13:46:33.490 28949-28949 OpenCV/StaticHelper     com.hermitech.hermivision            I      CMake generator:             Ninja
2026-05-15 13:46:33.490 28949-28949 OpenCV/StaticHelper     com.hermitech.hermivision            I      CMake build tool:            /opt/android-sdk/cmake/3.22.1/bin/ninja
2026-05-15 13:46:33.490 28949-28949 OpenCV/StaticHelper     com.hermitech.hermivision            I      Configuration:               Release
2026-05-15 13:46:33.490 28949-28949 OpenCV/StaticHelper     com.hermitech.hermivision            I  
2026-05-15 13:46:33.490 28949-28949 OpenCV/StaticHelper     com.hermitech.hermivision            I    CPU/HW features:
2026-05-15 13:46:33.490 28949-28949 OpenCV/StaticHelper     com.hermitech.hermivision            I      Baseline:                    NEON FP16
2026-05-15 13:46:33.490 28949-28949 OpenCV/StaticHelper     com.hermitech.hermivision            I      Dispatched code generation:  NEON_DOTPROD NEON_FP16 NEON_BF16
2026-05-15 13:46:33.490 28949-28949 OpenCV/StaticHelper     com.hermitech.hermivision            I        requested:                 NEON_FP16 NEON_BF16 NEON_DOTPROD
2026-05-15 13:46:33.490 28949-28949 OpenCV/StaticHelper     com.hermitech.hermivision            I        NEON_DOTPROD (1 files):    + NEON_DOTPROD
2026-05-15 13:46:33.491 28949-28949 OpenCV/StaticHelper     com.hermitech.hermivision            I        NEON_FP16 (2 files):       + NEON_FP16
2026-05-15 13:46:33.491 28949-28949 OpenCV/StaticHelper     com.hermitech.hermivision            I        NEON_BF16 (0 files):       + NEON_BF16
2026-05-15 13:46:33.491 28949-28949 OpenCV/StaticHelper     com.hermitech.hermivision            I  
2026-05-15 13:46:33.491 28949-28949 OpenCV/StaticHelper     com.hermitech.hermivision            I    C/C++:
2026-05-15 13:46:33.491 28949-28949 OpenCV/StaticHelper     com.hermitech.hermivision            I      Built as dynamic libs?:      NO
2026-05-15 13:46:33.491 28949-28949 OpenCV/StaticHelper     com.hermitech.hermivision            I      C++ standard:                11
2026-05-15 13:46:33.491 28949-28949 OpenCV/StaticHelper     com.hermitech.hermivision            I      C++ Compiler:                /opt/android-sdk/ndk/25.2.9519653/toolchains/llvm/prebuilt/linux-x86_64/bin/clang++  (ver 14.0.7)
2026-05-15 13:46:33.491 28949-28949 OpenCV/StaticHelper     com.hermitech.hermivision            I      C++ flags (Release):         -DANDROID -fdata-sections -ffunction-sections -funwind-tables -fstack-protector-strong -no-canonical-prefixes -D_FORTIFY_SOURCE=2 -Wformat -Werror=format-security     -fsigned-char -W -Wall -Wreturn-type -Wnon-virtual-dtor -Waddress -Wsequence-point -Wformat -Wformat-security -Wmissing-declarations -Wmissing-prototypes -Wstrict-prototypes -Wundef -Winit-self -Wpointer-arith -Wshadow -Wsign-promo -Wuninitialized -Winconsistent-missing-override -Wno-delete-non-virtual-dtor -Wno-unnamed-type-template-args -Wno-comment -Wno-deprecated-enum-enum-conversion -Wno-deprecated-anon-enum-enum-conversion -fdiagnostics-show-option -Qunused-arguments    -fvisibility=hidden -fvisibility-inlines-hidden  -O3 -DNDEBUG   -DNDEBUG
2026-05-15 13:46:33.491 28949-28949 OpenCV/StaticHelper     com.hermitech.hermivision            I      C++ flags (Debug):           -DANDROID -fdata-sections -ffunction-sections -funwind-tables -fstack-protector-strong -no-canonical-prefixes -D_FORTIFY_SOURCE=2 -Wformat -Werror=format-security     -fsigned-char -W -Wall -Wreturn-type -Wnon-virtual-dtor -Waddress -Wsequence-point -Wformat -Wformat-security -Wmissing-declarations -Wmissing-prototypes -Wstrict-prototypes -Wundef -Winit-self -Wpointer-arith -Wshadow -Wsign-promo -Wuninitialized -Winconsistent-missing-override -Wno-delete-non-virtual-dtor -Wno-unnamed-type-template-args -Wno-comment -Wno-deprecated-enum-enum-conversion -Wno-deprecated-anon-enum-enum-conversion -fdiagnostics-show-option -Qunused-arguments    -fvisibility=hidden -fvisibility-inlines-hidden  -fno-limit-debug-info   -O0 -DDEBUG -D_DEBUG -g
2026-05-15 13:46:33.491 28949-28949 OpenCV/StaticHelper     com.hermitech.hermivision            I      C Compiler:                  /opt/android-sdk/ndk/25.2.9519653/toolchains/llvm/prebuilt/linux-x86_64/bin/clang
2026-05-15 13:46:33.491 28949-28949 OpenCV/StaticHelper     com.hermitech.hermivision            I      C flags (Release):           -DANDROID -fdata-sections -ffunction-sections -funwind-tables -fstack-protector-strong -no-canonical-prefixes -D_FORTIFY_SOURCE=2 -Wformat -Werror=format-security    -fsigned-char -W -Wall -Wreturn-type -Wnon-virtual-dtor -Waddress -Wsequence-point -Wformat -Wformat-security -Wmissing-declarations -Wmissing-prototypes -Wstrict-prototypes -Wundef -Winit-self -Wpointer-arith -Wshadow -Wsign-promo -Wuninitialized -Winconsistent-missing-override -Wno-delete-non-virtual-dtor -Wno-unnamed-type-template-args -Wno-comment -Wno-deprecated-enum-enum-conversion -Wno-deprecated-anon-enum-enum-conversion -fdiagnostics-show-option -Qunused-arguments    -fvisibility=hidden -fvisibility-inlines-hidden  -O3 -DNDEBUG   -DNDEBUG
2026-05-15 13:46:33.491 28949-28949 OpenCV/StaticHelper     com.hermitech.hermivision            I      C flags (Debug):             -DANDROID -fdata-sections -ffunction-sections -funwind-tables -fstack-protector-strong -no-canonical-prefixes -D_FORTIFY_SOURCE=2 -Wformat -Werror=format-security    -fsigned-char -W -Wall -Wreturn-type -Wnon-virtual-dtor -Waddress -Wsequence-point -Wformat -Wformat-security -Wmissing-declarations -Wmissing-prototypes -Wstrict-prototypes -Wundef -Winit-self -Wpointer-arith -Wshadow -Wsign-promo -Wuninitialized -Winconsistent-missing-override -Wno-delete-non-virtual-dtor -Wno-unnamed-type-template-args -Wno-comment -Wno-deprecated-enum-enum-conversion -Wno-deprecated-anon-enum-enum-conversion -fdiagnostics-show-option -Qunused-arguments    -fvisibility=hidden -fvisibility-inlines-hidden  -fno-limit-debug-info   -O0 -DDEBUG -D_DEBUG -g
2026-05-15 13:46:33.491 28949-28949 OpenCV/StaticHelper     com.hermitech.hermivision            I      Linker flags (Release):      -Wl,--build-id=sha1 -Wl,--no-rosegment -Wl,--fatal-warnings -Wl,--no-undefined -Qunused-arguments   -Wl,--as-needed -Wl,--no-undefined -Wl,--gc-sections  
2026-05-15 13:46:33.491 28949-28949 OpenCV/StaticHelper     com.hermitech.hermivision            I      Linker flags (Debug):        -Wl,--build-id=sha1 -Wl,--no-rosegment -Wl,--fatal-warnings -Wl,--no-undefined -Qunused-arguments   -Wl,--as-needed -Wl,--no-undefined  
2026-05-15 13:46:33.491 28949-28949 OpenCV/StaticHelper     com.hermitech.hermivision            I      ccache:                      YES
2026-05-15 13:46:33.491 28949-28949 OpenCV/StaticHelper     com.hermitech.hermivision            I      Precompiled headers:         NO
2026-05-15 13:46:33.491 28949-28949 OpenCV/StaticHelper     com.hermitech.hermivision            I      Extra dependencies:          z dl m log
2026-05-15 13:46:33.491 28949-28949 OpenCV/StaticHelper     com.hermitech.hermivision            I      3rdparty dependencies:       libcpufeatures libprotobuf ade tbb ittnotify libjpeg-turbo libwebp libpng libtiff libopenjp2 IlmImf tegra_hal
2026-05-15 13:46:33.491 28949-28949 OpenCV/StaticHelper     com.hermitech.hermivision            I  
2026-05-15 13:46:33.491 28949-28949 OpenCV/StaticHelper     com.hermitech.hermivision            I    OpenCV modules:
2026-05-15 13:46:33.491 28949-28949 OpenCV/StaticHelper     com.hermitech.hermivision            I      To be built:                 calib3d core dnn features2d flann gapi highgui imgcodecs imgproc java ml objdetect photo stitching video videoio
2026-05-15 13:46:33.491 28949-28949 OpenCV/StaticHelper     com.hermitech.hermivision            I      Disabled:                    world
2026-05-15 13:46:33.491 28949-28949 OpenCV/StaticHelper     com.hermitech.hermivision            I      Disabled by dependency:      -
2026-05-15 13:46:33.491 28949-28949 OpenCV/StaticHelper     com.hermitech.hermivision            I      Unavailable:                 python2 python3 ts
2026-05-15 13:46:33.491 28949-28949 OpenCV/StaticHelper     com.hermitech.hermivision            I      Applications:                -
2026-05-15 13:46:33.491 28949-28949 OpenCV/StaticHelper     com.hermitech.hermivision            I      Documentation:               NO
2026-05-15 13:46:33.491 28949-28949 OpenCV/StaticHelper     com.hermitech.hermivision            I      Non-free algorithms:         NO
2026-05-15 13:46:33.491 28949-28949 OpenCV/StaticHelper     com.hermitech.hermivision            I  
2026-05-15 13:46:33.491 28949-28949 OpenCV/StaticHelper     com.hermitech.hermivision            I    Android NDK:                   /opt/android-sdk/ndk/25.2.9519653 (ver 25.2.9519653)
2026-05-15 13:46:33.491 28949-28949 OpenCV/StaticHelper     com.hermitech.hermivision            I      Android ABI:                 arm64-v8a
2026-05-15 13:46:33.491 28949-28949 OpenCV/StaticHelper     com.hermitech.hermivision            I      NDK toolchain:               aarch64-linux-android-clang
2026-05-15 13:46:33.491 28949-28949 OpenCV/StaticHelper     com.hermitech.hermivision            I      STL type:                    c++_shared
2026-05-15 13:46:33.491 28949-28949 OpenCV/StaticHelper     com.hermitech.hermivision            I      Native API level:            21
2026-05-15 13:46:33.491 28949-28949 OpenCV/StaticHelper     com.hermitech.hermivision            I    Android SDK:                   /opt/android-sdk (tools:  build tools: 30.0.3)
2026-05-15 13:46:33.491 28949-28949 OpenCV/StaticHelper     com.hermitech.hermivision            I  
2026-05-15 13:46:33.491 28949-28949 OpenCV/StaticHelper     com.hermitech.hermivision            I    GUI:                           NONE
2026-05-15 13:46:33.491 28949-28949 OpenCV/StaticHelper     com.hermitech.hermivision            I  
2026-05-15 13:46:33.491 28949-28949 OpenCV/StaticHelper     com.hermitech.hermivision            I    Media I/O: 
2026-05-15 13:46:33.491 28949-28949 OpenCV/StaticHelper     com.hermitech.hermivision            I      ZLib:                        z (ver 1.2.12)
2026-05-15 13:46:33.491 28949-28949 OpenCV/StaticHelper     com.hermitech.hermivision            I      JPEG:                        build-libjpeg-turbo (ver 2.1.3-62)
2026-05-15 13:46:33.491 28949-28949 OpenCV/StaticHelper     com.hermitech.hermivision            I        SIMD Support Request:      YES
2026-05-15 13:46:33.491 28949-28949 OpenCV/StaticHelper     com.hermitech.hermivision            I        SIMD Support:              YES
2026-05-15 13:46:33.491 28949-28949 OpenCV/StaticHelper     com.hermitech.hermivision            I      WEBP:                        build (ver encoder: 0x020f)
2026-05-15 13:46:33.491 28949-28949 OpenCV/StaticHelper     com.hermitech.hermivision            I      PNG:                         build (ver 1.6.37)
2026-05-15 13:46:33.491 28949-28949 OpenCV/StaticHelper     com.hermitech.hermivision            I      TIFF:                        build (ver 42 - 4.2.0)
2026-05-15 13:46:33.491 28949-28949 OpenCV/StaticHelper     com.hermitech.hermivision            I      JPEG 2000:                   build (ver 2.5.0)
2026-05-15 13:46:33.491 28949-28949 OpenCV/StaticHelper     com.hermitech.hermivision            I      OpenEXR:                     build (ver 2.3.0)
2026-05-15 13:46:33.491 28949-28949 OpenCV/StaticHelper     com.hermitech.hermivision            I      HDR:                         YES
2026-05-15 13:46:33.491 28949-28949 OpenCV/StaticHelper     com.hermitech.hermivision            I      SUNRASTER:                   YES
2026-05-15 13:46:33.491 28949-28949 OpenCV/StaticHelper     com.hermitech.hermivision            I      PXM:                         YES
2026-05-15 13:46:33.491 28949-28949 OpenCV/StaticHelper     com.hermitech.hermivision            I      PFM:                         YES
2026-05-15 13:46:33.491 28949-28949 OpenCV/StaticHelper     com.hermitech.hermivision            I  
2026-05-15 13:46:33.491 28949-28949 OpenCV/StaticHelper     com.hermitech.hermivision            I    Video I/O:
2026-05-15 13:46:33.491 28949-28949 OpenCV/StaticHelper     com.hermitech.hermivision            I     MEDIANDK:                     YES
2026-05-15 13:46:33.491 28949-28949 OpenCV/StaticHelper     com.hermitech.hermivision            I     NDK Camera:                   NO
2026-05-15 13:46:33.491 28949-28949 OpenCV/StaticHelper     com.hermitech.hermivision            I  
2026-05-15 13:46:33.491 28949-28949 OpenCV/StaticHelper     com.hermitech.hermivision            I    Parallel framework:            TBB (ver 2020.2 interface 11102)
2026-05-15 13:46:33.491 28949-28949 OpenCV/StaticHelper     com.hermitech.hermivision            I  
2026-05-15 13:46:33.491 28949-28949 OpenCV/StaticHelper     com.hermitech.hermivision            I    Trace:                         YES (with Intel ITT)
2026-05-15 13:46:33.491 28949-28949 OpenCV/StaticHelper     com.hermitech.hermivision            I  
2026-05-15 13:46:33.491 28949-28949 OpenCV/StaticHelper     com.hermitech.hermivision            I    Other third-party libraries:
2026-05-15 13:46:33.491 28949-28949 OpenCV/StaticHelper     com.hermitech.hermivision            I      Custom HAL:                  YES (carotene (ver 0.0.1, Auto detected))
2026-05-15 13:46:33.492 28949-28949 OpenCV/StaticHelper     com.hermitech.hermivision            I      Protobuf:                    build (3.19.1)
2026-05-15 13:46:33.492 28949-28949 OpenCV/StaticHelper     com.hermitech.hermivision            I      Flatbuffers:                 builtin/3rdparty (23.5.9)
2026-05-15 13:46:33.492 28949-28949 OpenCV/StaticHelper     com.hermitech.hermivision            I  
2026-05-15 13:46:33.492 28949-28949 OpenCV/StaticHelper     com.hermitech.hermivision            I    Python (for build):            /usr/bin/python3
2026-05-15 13:46:33.492 28949-28949 OpenCV/StaticHelper     com.hermitech.hermivision            I  
2026-05-15 13:46:33.492 28949-28949 OpenCV/StaticHelper     com.hermitech.hermivision            I    Java:                          export all functions
2026-05-15 13:46:33.492 28949-28949 OpenCV/StaticHelper     com.hermitech.hermivision            I      ant:                         NO
2026-05-15 13:46:33.492 28949-28949 OpenCV/StaticHelper     com.hermitech.hermivision            I      Java wrappers:               YES ()
2026-05-15 13:46:33.492 28949-28949 OpenCV/StaticHelper     com.hermitech.hermivision            I      Java tests:                  NO
2026-05-15 13:46:33.492 28949-28949 OpenCV/StaticHelper     com.hermitech.hermivision            I  
2026-05-15 13:46:33.492 28949-28949 OpenCV/StaticHelper     com.hermitech.hermivision            I    Install to:                    /home/ci/build/o4a/install
2026-05-15 13:46:33.492 28949-28949 OpenCV/StaticHelper     com.hermitech.hermivision            I  -----------------------------------------------------------------
2026-05-15 13:46:33.497 28949-28949 LiveViewModel           com.hermitech.hermivision            I  AI Config: samsung SM-A055F (MT6769V/CZ) → MEDIUM (GPU)
2026-05-15 13:46:33.498 28949-28949 PipelineBuilder         com.hermitech.hermivision            I  Building pipeline: ball=/data/user/0/com.hermitech.hermivision/cache/models/YoloBall-nano-FP32.tflite delegate=1 threads=4 court=/data/user/0/com.hermitech.hermivision/cache/models/Court-Keypoint-FP32.tflite
2026-05-15 13:46:33.506 28949-28949 FramePool               com.hermitech.hermivision            I  FramePool initialized: 5 slots × 1280x720 = 13.2 MB
2026-05-15 13:46:33.507 28949-28949 DelegateManager         com.hermitech.hermivision            I  Trying GPU delegate (OpenCL/OpenGL)...
2026-05-15 13:46:33.507 28949-28949 DelegateManager         com.hermitech.hermivision            I  GPU Shader Serialization ENABLED — Cache dir: /data/user/0/com.hermitech.hermivision/cache/models
2026-05-15 13:46:33.507 28949-28949 tflite                  com.hermitech.hermivision            I  Created TensorFlow Lite delegate for GPU.
2026-05-15 13:46:33.507 28949-28949 tflite                  com.hermitech.hermivision            I  Initialized TensorFlow Lite runtime.
2026-05-15 13:46:33.516 28949-28949 tflite                  com.hermitech.hermivision            I  Replacing 386 out of 386 node(s) with delegate (TfLiteGpuDelegateV2) node, yielding 1 partitions for the whole graph.
2026-05-15 13:46:33.566 28949-28949 OPENCL_ICD_LOADER       com.hermitech.hermivision            D  initCLTraceLevel sCLTraceLevel = 0
2026-05-15 13:46:33.566 28949-28949 libMEOW                 com.hermitech.hermivision            D  meow new tls: 0xb400007bfed445c0
2026-05-15 13:46:33.566 28949-28949 libMEOW                 com.hermitech.hermivision            D  applied 2 plugins for [com.hermitech.hermivision]:
2026-05-15 13:46:33.566 28949-28949 libMEOW                 com.hermitech.hermivision            D    plugin 1: [libMEOW_gift.so]:
2026-05-15 13:46:33.566 28949-28949 libMEOW                 com.hermitech.hermivision            D    plugin 2: [libMEOW_semaphore]:
2026-05-15 13:46:33.623 28949-28949 tflite                  com.hermitech.hermivision            I  Initialized OpenCL-based API from serialized data.
2026-05-15 13:46:33.675 28949-28949 tflite                  com.hermitech.hermivision            I  Created 1 GPU delegate kernels.
2026-05-15 13:46:33.676 28949-28949 DelegateManager         com.hermitech.hermivision            I  ✓ Interpreter created with GPU
2026-05-15 13:46:33.676 28949-28949 YoloBallDetector        com.hermitech.hermivision            I  YoloBall loaded: /data/user/0/com.hermitech.hermivision/cache/models/YoloBall-nano-FP32.tflite on GPU
2026-05-15 13:46:33.676 28949-28949 YoloBallDetector        com.hermitech.hermivision            I    Input:  [1, 640, 640, 3] float32
2026-05-15 13:46:33.676 28949-28949 YoloBallDetector        com.hermitech.hermivision            I    Output: [1, 5, 8400] float32
2026-05-15 13:46:33.676 28949-28949 DelegateManager         com.hermitech.hermivision            I  Creating XNNPACK delegate with 4 threads...
2026-05-15 13:46:33.677 28949-28949 libc                    com.hermitech.hermivision            W  Access denied finding property "ro.mediatek.platform"
2026-05-15 13:46:33.680 28949-28949 tflite                  com.hermitech.hermivision            I  Created TensorFlow Lite XNNPACK delegate for CPU.
2026-05-15 13:46:33.680 28949-28949 DelegateManager         com.hermitech.hermivision            I  ✓ XNNPACK delegate created (SIMD/NEON accelerated)
2026-05-15 13:46:33.682 28949-28949 tflite                  com.hermitech.hermivision            I  Replacing 145 out of 172 node(s) with delegate (TfLiteXNNPackDelegate) node, yielding 55 partitions for the whole graph.
2026-05-15 13:46:33.688 28949-28949 DelegateManager         com.hermitech.hermivision            I  ✓ Interpreter created with CPU/XNNPACK (4 threads)
2026-05-15 13:46:33.688 28949-28949 CourtDetector           com.hermitech.hermivision            I  Court model loaded: /data/user/0/com.hermitech.hermivision/cache/models/Court-Keypoint-FP32.tflite on CPU/XNNPACK (4 threads)
2026-05-15 13:46:33.688 28949-28949 CourtDetector           com.hermitech.hermivision            I    Input:  [1, 480, 480, 3] float32
2026-05-15 13:46:33.688 28949-28949 CourtDetector           com.hermitech.hermivision            I    Output: [1, 28] float32
2026-05-15 13:46:33.688 28949-28949 HermiPipeline           com.hermitech.hermivision            I  Court detection thread started (interval=5000ms)
2026-05-15 13:46:33.688 28949-28949 HermiPipeline           com.hermitech.hermivision            I  ═══════════════════════════════════════════════
2026-05-15 13:46:33.688 28949-28949 HermiPipeline           com.hermitech.hermivision            I  Pipeline initialized successfully
2026-05-15 13:46:33.688 28949-28949 HermiPipeline           com.hermitech.hermivision            I    Ball model: /data/user/0/com.hermitech.hermivision/cache/models/YoloBall-nano-FP32.tflite
2026-05-15 13:46:33.688 28949-28949 HermiPipeline           com.hermitech.hermivision            I    Delegate:   GPU
2026-05-15 13:46:33.688 28949-28949 HermiPipeline           com.hermitech.hermivision            I    Threads:    4
2026-05-15 13:46:33.688 28949-28949 HermiPipeline           com.hermitech.hermivision            I    Tracker:    Kalman Filter (max_miss=5)
2026-05-15 13:46:33.688 28949-28949 HermiPipeline           com.hermitech.hermivision            I    FramePool:  5 slots (13.2 MB)
2026-05-15 13:46:33.688 28949-28949 HermiPipeline           com.hermitech.hermivision            I    Court model: /data/user/0/com.hermitech.hermivision/cache/models/Court-Keypoint-FP32.tflite on CPU/XNNPACK (4 threads) (every 5000ms)
2026-05-15 13:46:33.688 28949-29033 HermiPipeline           com.hermitech.hermivision            I  Court detection thread started (interval=5000ms)
2026-05-15 13:46:33.688 28949-29033 HermiPipeline           com.hermitech.hermivision            I  Court detection ran at 5000ms since last run
2026-05-15 13:46:33.688 28949-28949 HermiPipeline           com.hermitech.hermivision            I  ═══════════════════════════════════════════════
2026-05-15 13:46:33.688 28949-28949 NativeBridge            com.hermitech.hermivision            I  Pipeline initialized from JNI
2026-05-15 13:46:33.689 28949-28949 NativePipeline          com.hermitech.hermivision            I  Pipeline initialized: delegate=GPU
2026-05-15 13:46:33.689 28949-28949 LiveViewModel           com.hermitech.hermivision            I  Pipeline initialized — delegate: GPU
2026-05-15 13:46:33.814 28949-29035 CameraManagerGlobal     com.hermitech.hermivision            I  Connecting to camera service
2026-05-15 13:46:33.819 28949-29035 VendorTagDescriptor     com.hermitech.hermivision            D  addVendorDescriptor: vendor tag id 11706189966126095484 added
2026-05-15 13:46:33.823 28949-28963 CameraManagerGlobal     com.hermitech.hermivision            I  Camera 0 facing CAMERA_FACING_BACK state now CAMERA_STATE_CLOSED for client com.hermitech.hermivision API Level 2User Id 0
2026-05-15 13:46:33.824 28949-28960 CameraManagerGlobal     com.hermitech.hermivision            I  Camera 1 facing CAMERA_FACING_FRONT state now CAMERA_STATE_CLOSED for client com.sec.android.app.camera API Level 2User Id 0
2026-05-15 13:46:33.825 28949-28960 CameraManagerGlobal     com.hermitech.hermivision            I  Camera 21 facing CAMERA_FACING_BACK state now CAMERA_STATE_CLOSED for client android.system API Level 2User Id 0
2026-05-15 13:46:33.825 28949-28963 CameraManagerGlobal     com.hermitech.hermivision            I  Camera 29 facing CAMERA_FACING_FRONT state now CAMERA_STATE_CLOSED for client android.system API Level 2User Id 0
2026-05-15 13:46:33.826 28949-28963 CameraManagerGlobal     com.hermitech.hermivision            I  Camera 53 facing CAMERA_FACING_BACK state now CAMERA_STATE_CLOSED for client android.system API Level 2User Id 0
2026-05-15 13:46:33.840 28949-29035 CameraRepository        com.hermitech.hermivision            D  Added camera: 0
2026-05-15 13:46:33.852 28949-29035 Camera2CameraInfo       com.hermitech.hermivision            I  Device Level: INFO_SUPPORTED_HARDWARE_LEVEL_FULL
2026-05-15 13:46:33.854 28949-29035 CameraManager           com.hermitech.hermivision            I  registerAvailabilityCallback: Is device callback = false
2026-05-15 13:46:33.854 28949-29035 CameraManagerGlobal     com.hermitech.hermivision            I  postSingleUpdate device: camera id 0 status STATUS_PRESENT
2026-05-15 13:46:33.854 28949-29035 CameraManagerGlobal     com.hermitech.hermivision            I  postSingleUpdate device: camera id 1 status STATUS_PRESENT
2026-05-15 13:46:33.854 28949-29035 CameraRepository        com.hermitech.hermivision            D  Added camera: 1
2026-05-15 13:46:33.855 28949-29035 Camera2CameraInfo       com.hermitech.hermivision            I  Device Level: INFO_SUPPORTED_HARDWARE_LEVEL_3
2026-05-15 13:46:33.856 28949-29035 CameraManager           com.hermitech.hermivision            I  registerAvailabilityCallback: Is device callback = false
2026-05-15 13:46:33.856 28949-29035 CameraManagerGlobal     com.hermitech.hermivision            I  postSingleUpdate device: camera id 0 status STATUS_PRESENT
2026-05-15 13:46:33.856 28949-29035 CameraManagerGlobal     com.hermitech.hermivision            I  postSingleUpdate device: camera id 1 status STATUS_PRESENT
2026-05-15 13:46:33.857 28949-29035 CameraValidator         com.hermitech.hermivision            D  Verifying camera lens facing on a05m, lensFacingInteger: null
2026-05-15 13:46:33.952 28949-28949 ViewRootIm...nActivity] com.hermitech.hermivision            I  handleResized, msg = 4 frames=ClientWindowFrames{frame=[0,0][1600,720] display=[0,0][1600,720] parentFrame=[0,0][0,0] parentClippedByDisplayCutout=false} forceNextWindowRelayout=false displayId=0 resizeMode=-1 frameChanged=false displayFrameChanged=false configChanged=false displayChanged=false
2026-05-15 13:46:33.952 28949-28988 ViewRootIm...nActivity] com.hermitech.hermivision            I  mWNT: t=0xb400007c84cc3c00 mBlastBufferQueue=0xb400007c21a69000 fn= 38 caller= android.view.SyncRtSurfaceTransactionApplier.applyTransaction:96 android.view.SyncRtSurfaceTransactionApplier.lambda$scheduleApply$0$android-view-SyncRtSurfaceTransactionApplier:69 android.view.SyncRtSurfaceTransactionApplier$$ExternalSyntheticLambda0.onFrameDraw:4 
2026-05-15 13:46:33.964 28949-28949 InsetsController        com.hermitech.hermivision            D  cancelAnimation of types: 3, animType: 1, host: com.hermitech.hermivision/com.hermitech.hermivision.MainActivity, from:android.view.InsetsController.notifyFinished:1375 android.view.InsetsAnimationControlImpl.applyChangeInsets:285 android.view.InsetsController.lambda$new$3$android-view-InsetsController:674 
2026-05-15 13:46:33.976 28949-28989 ViewRootIm...nActivity] com.hermitech.hermivision            I  mWNT: t=0xb400007c21a14900 mBlastBufferQueue=0xb400007c21a69000 fn= 39 caller= android.view.SyncRtSurfaceTransactionApplier.applyTransaction:96 android.view.SyncRtSurfaceTransactionApplier.lambda$scheduleApply$0$android-view-SyncRtSurfaceTransactionApplier:69 android.view.SyncRtSurfaceTransactionApplier$$ExternalSyntheticLambda0.onFrameDraw:4 
2026-05-15 13:46:33.996 28949-28949 CameraOrientationUtil   com.hermitech.hermivision            D  getRelativeImageRotation: destRotationDegrees=0, sourceRotationDegrees=90, isOppositeFacing=true, result=90
2026-05-15 13:46:33.997 28949-28949 CameraOrientationUtil   com.hermitech.hermivision            D  getRelativeImageRotation: destRotationDegrees=0, sourceRotationDegrees=90, isOppositeFacing=true, result=90
2026-05-15 13:46:34.020 28949-28949 DynamicRangeResolver    com.hermitech.hermivision            D  Resolved dynamic range for use case androidx.camera.core.Preview-fdea7901-0b16-458a-a1f4-886970e81a1d to no compatible HDR dynamic ranges.
                                                                                                    DynamicRange@1b2955c{encoding=UNSPECIFIED, bitDepth=0}
                                                                                                    ->
                                                                                                    DynamicRange@e8407cf{encoding=SDR, bitDepth=8}
2026-05-15 13:46:34.029 28949-28949 CameraOrientationUtil   com.hermitech.hermivision            D  getRelativeImageRotation: destRotationDegrees=90, sourceRotationDegrees=90, isOppositeFacing=true, result=0
2026-05-15 13:46:34.030 28949-28949 DeferrableSurface       com.hermitech.hermivision            D  Surface created[total_surfaces=1, used_surfaces=0](androidx.camera.core.processing.SurfaceEdge$SettableSurface@2160de1}
2026-05-15 13:46:34.034 28949-28949 DeferrableSurface       com.hermitech.hermivision            D  Surface created[total_surfaces=2, used_surfaces=0](androidx.camera.core.SurfaceRequest$2@c04a71d}
2026-05-15 13:46:34.036 28949-28949 DeferrableSurface       com.hermitech.hermivision            D  New surface in use[total_surfaces=2, used_surfaces=1](androidx.camera.core.SurfaceRequest$2@c04a71d}
2026-05-15 13:46:34.036 28949-28949 DeferrableSurface       com.hermitech.hermivision            D  use count+1, useCount=1 androidx.camera.core.SurfaceRequest$2@c04a71d
2026-05-15 13:46:34.037 28949-28949 CameraOrientationUtil   com.hermitech.hermivision            D  getRelativeImageRotation: destRotationDegrees=90, sourceRotationDegrees=90, isOppositeFacing=true, result=0
2026-05-15 13:46:34.042 28949-28949 BufferQueueConsumer     com.hermitech.hermivision            D  [](id:711500000002,api:0,p:-1,c:28949) connect: controlledByApp=true
2026-05-15 13:46:34.043 28949-28949 CameraOrientationUtil   com.hermitech.hermivision            D  getRelativeImageRotation: destRotationDegrees=90, sourceRotationDegrees=90, isOppositeFacing=true, result=0
2026-05-15 13:46:34.043 28949-28949 CameraOrientationUtil   com.hermitech.hermivision            D  getRelativeImageRotation: destRotationDegrees=90, sourceRotationDegrees=90, isOppositeFacing=true, result=0
2026-05-15 13:46:34.045 28949-28949 DeferrableSurface       com.hermitech.hermivision            D  Surface created[total_surfaces=3, used_surfaces=1](androidx.camera.core.impl.ImmediateSurface@20390de}
2026-05-15 13:46:34.047 28949-28949 LiveAnalysisScreen      com.hermitech.hermivision            I  Camera bound to lifecycle
2026-05-15 13:46:34.048 28949-29035 Camera2CameraImpl       com.hermitech.hermivision            D  {Camera@835824b[id=0]} Use case androidx.camera.core.Preview-fdea7901-0b16-458a-a1f4-886970e81a1d101503428 ACTIVE
2026-05-15 13:46:34.050 28949-29035 UseCaseAttachState      com.hermitech.hermivision            D  Active and attached use case: [] for camera: 0
2026-05-15 13:46:34.054 28949-29035 Camera2CameraImpl       com.hermitech.hermivision            D  {Camera@835824b[id=0]} Use case androidx.camera.core.ImageAnalysis-2ccf13b3-73da-4ccd-9429-51aa3943bb21217528493 ACTIVE
2026-05-15 13:46:34.055 28949-29035 UseCaseAttachState      com.hermitech.hermivision            D  Active and attached use case: [] for camera: 0
2026-05-15 13:46:34.059 28949-29035 Camera2CameraImpl       com.hermitech.hermivision            D  {Camera@835824b[id=0]} Use cases [androidx.camera.core.Preview-fdea7901-0b16-458a-a1f4-886970e81a1d101503428, androidx.camera.core.ImageAnalysis-2ccf13b3-73da-4ccd-9429-51aa3943bb21217528493] now ATTACHED
2026-05-15 13:46:34.062 28949-29035 UseCaseAttachState      com.hermitech.hermivision            D  All use case: [androidx.camera.core.Preview-fdea7901-0b16-458a-a1f4-886970e81a1d101503428, androidx.camera.core.ImageAnalysis-2ccf13b3-73da-4ccd-9429-51aa3943bb21217528493] for camera: 0
2026-05-15 13:46:34.065 28949-29035 UseCaseAttachState      com.hermitech.hermivision            D  Active and attached use case: [androidx.camera.core.Preview-fdea7901-0b16-458a-a1f4-886970e81a1d101503428, androidx.camera.core.ImageAnalysis-2ccf13b3-73da-4ccd-9429-51aa3943bb21217528493] for camera: 0
2026-05-15 13:46:34.070 28949-29035 Camera2CameraImpl       com.hermitech.hermivision            D  {Camera@835824b[id=0]} Resetting Capture Session
2026-05-15 13:46:34.070 28949-29035 Camera2CameraImpl       com.hermitech.hermivision            D  {Camera@835824b[id=0]} Releasing session in state INITIALIZED
2026-05-15 13:46:34.071 28949-29035 Camera2CameraImpl       com.hermitech.hermivision            D  {Camera@835824b[id=0]} Attempting to force open the camera.
2026-05-15 13:46:34.071 28949-29035 CameraStateRegistry     com.hermitech.hermivision            D  tryOpenCamera(Camera@835824b[id=0]) [Available Cameras: 1, Already Open: false (Previous state: null)] --> SUCCESS
2026-05-15 13:46:34.072 28949-29035 CameraStateRegistry     com.hermitech.hermivision            D  Recalculating open cameras:
                                                                                                    Camera                                       State                 
                                                                                                    -------------------------------------------------------------------
                                                                                                    Camera@835824b[id=0]                         OPENING               
                                                                                                    Camera@93abad4[id=1]                         UNKNOWN               
                                                                                                    -------------------------------------------------------------------
                                                                                                    Open count: 1 (Max allowed: 1)
2026-05-15 13:46:34.072 28949-29035 Camera2CameraImpl       com.hermitech.hermivision            D  {Camera@835824b[id=0]} Opening camera.
2026-05-15 13:46:34.072 28949-29035 Camera2CameraImpl       com.hermitech.hermivision            D  {Camera@835824b[id=0]} Transitioning camera internal state: INITIALIZED --> OPENING
2026-05-15 13:46:34.073 28949-29035 CameraStateMachine      com.hermitech.hermivision            D  New public camera state CameraState{type=OPENING, error=null} from OPENING and null
2026-05-15 13:46:34.073 28949-29035 CameraStateMachine      com.hermitech.hermivision            D  Publishing new public camera state CameraState{type=OPENING, error=null}
2026-05-15 13:46:34.074 28949-29035 UseCaseAttachState      com.hermitech.hermivision            D  All use case: [androidx.camera.core.Preview-fdea7901-0b16-458a-a1f4-886970e81a1d101503428, androidx.camera.core.ImageAnalysis-2ccf13b3-73da-4ccd-9429-51aa3943bb21217528493] for camera: 0
2026-05-15 13:46:34.084 28949-28963 CameraManagerGlobal     com.hermitech.hermivision            I  postSingleUpdate device: camera id 0 status STATUS_NOT_AVAILABLE
2026-05-15 13:46:34.084 28949-28963 CameraManagerGlobal     com.hermitech.hermivision            I  postSingleUpdate device: camera id 0 status STATUS_NOT_AVAILABLE
2026-05-15 13:46:34.090 28949-28949 PreviewView             com.hermitech.hermivision            D  Surface requested by Preview.
2026-05-15 13:46:34.096 28949-28949 SurfaceView@e3c8224     com.hermitech.hermivision            I  onWindowVisibilityChanged(0) true android.view.SurfaceView{e3c8224 V.E...... ......I. 0,0-0,0} of ViewRootImpl@de091ac[MainActivity]
2026-05-15 13:46:34.096 28949-28949 SurfaceView@e3c8224     com.hermitech.hermivision            D  updateSurface: has no frame
2026-05-15 13:46:34.104 28949-28960 CameraManagerGlobal     com.hermitech.hermivision            I  Camera 0 facing CAMERA_FACING_BACK state now CAMERA_STATE_OPEN for client com.hermitech.hermivision API Level 2User Id 0
2026-05-15 13:46:34.108 28949-29035 Camera2CameraImpl       com.hermitech.hermivision            D  {Camera@835824b[id=0]} Use case androidx.camera.core.Preview-fdea7901-0b16-458a-a1f4-886970e81a1d101503428 ACTIVE
2026-05-15 13:46:34.110 28949-29035 UseCaseAttachState      com.hermitech.hermivision            D  Active and attached use case: [androidx.camera.core.Preview-fdea7901-0b16-458a-a1f4-886970e81a1d101503428, androidx.camera.core.ImageAnalysis-2ccf13b3-73da-4ccd-9429-51aa3943bb21217528493] for camera: 0
2026-05-15 13:46:34.112 28949-29035 Camera2CameraImpl       com.hermitech.hermivision            D  {Camera@835824b[id=0]} Use case androidx.camera.core.ImageAnalysis-2ccf13b3-73da-4ccd-9429-51aa3943bb21217528493 ACTIVE
2026-05-15 13:46:34.114 28949-29035 UseCaseAttachState      com.hermitech.hermivision            D  Active and attached use case: [androidx.camera.core.Preview-fdea7901-0b16-458a-a1f4-886970e81a1d101503428, androidx.camera.core.ImageAnalysis-2ccf13b3-73da-4ccd-9429-51aa3943bb21217528493] for camera: 0
2026-05-15 13:46:34.117 28949-29035 Camera2CameraImpl       com.hermitech.hermivision            D  {Camera@835824b[id=0]} CameraDevice.onOpened()
2026-05-15 13:46:34.117 28949-29035 Camera2CameraImpl       com.hermitech.hermivision            D  {Camera@835824b[id=0]} Transitioning camera internal state: OPENING --> OPENED
2026-05-15 13:46:34.117 28949-29035 CameraStateRegistry     com.hermitech.hermivision            D  Recalculating open cameras:
                                                                                                    Camera                                       State                 
                                                                                                    -------------------------------------------------------------------
                                                                                                    Camera@835824b[id=0]                         OPEN                  
                                                                                                    Camera@93abad4[id=1]                         UNKNOWN               
                                                                                                    -------------------------------------------------------------------
                                                                                                    Open count: 1 (Max allowed: 1)
2026-05-15 13:46:34.117 28949-29035 CameraStateMachine      com.hermitech.hermivision            D  New public camera state CameraState{type=OPEN, error=null} from OPEN and null
2026-05-15 13:46:34.117 28949-29035 CameraStateMachine      com.hermitech.hermivision            D  Publishing new public camera state CameraState{type=OPEN, error=null}
