2026-05-15 13:46:34.118 28949-29035 UseCaseAttachState      com.hermitech.hermivision            D  All use case: [androidx.camera.core.Preview-fdea7901-0b16-458a-a1f4-886970e81a1d101503428, androidx.camera.core.ImageAnalysis-2ccf13b3-73da-4ccd-9429-51aa3943bb21217528493] for camera: 0
2026-05-15 13:46:34.120 28949-28949 ViewRootIm...nActivity] com.hermitech.hermivision            I  performTraversals params={(0,0)(fillxfill) sim={adjust=pan} layoutInDisplayCutoutMode=always ty=BASE_APPLICATION wanim=0x1030309
                                                                                                      fl=81810180
                                                                                                      pfl=16020040
                                                                                                      vsysui=3110
                                                                                                      apr=LIGHT_STATUS_BARS LIGHT_NAVIGATION_BARS
                                                                                                      bhv=SHOW_TRANSIENT_BARS_BY_SWIPE
                                                                                                      fitSides= naviIconColor=0}
2026-05-15 13:46:34.122 28949-29035 UseCaseAttachState      com.hermitech.hermivision            D  Active and attached use case: [androidx.camera.core.Preview-fdea7901-0b16-458a-a1f4-886970e81a1d101503428, androidx.camera.core.ImageAnalysis-2ccf13b3-73da-4ccd-9429-51aa3943bb21217528493] for camera: 0
2026-05-15 13:46:34.124 28949-28949 ViewRootIm...nActivity] com.hermitech.hermivision            I  performTraversals mFirst=false windowShouldResize=false viewVisibilityChanged=false mForceNextWindowRelayout=false params={(0,0)(fillxfill) sim={adjust=pan} layoutInDisplayCutoutMode=always ty=BASE_APPLICATION fmt=TRANSLUCENT wanim=0x1030309
                                                                                                      fl=81810180
                                                                                                      pfl=16020040
                                                                                                      vsysui=3110
                                                                                                      apr=LIGHT_STATUS_BARS LIGHT_NAVIGATION_BARS
                                                                                                      bhv=SHOW_TRANSIENT_BARS_BY_SWIPE
                                                                                                      fitSides= naviIconColor=0}
2026-05-15 13:46:34.128 28949-28949 ViewRootIm...nActivity] com.hermitech.hermivision            I  updateBlastSurfaceIfNeeded mBlastBufferQueue=0xb400007c21a69000 isSameSurfaceControl=true
2026-05-15 13:46:34.128 28949-28949 BLASTBufferQueue        com.hermitech.hermivision            I  update, w= 1600 h= 720 mName = ViewRootImpl@de091ac[MainActivity] mNativeObject= 0xb400007c21a69000 sc.mNativeObject= 0xb400007bfeb16860 format= -3 caller= android.view.ViewRootImpl.updateBlastSurfaceIfNeeded:2898 android.view.ViewRootImpl.relayoutWindow:9847 android.view.ViewRootImpl.performTraversals:3884 android.view.ViewRootImpl.doTraversal:3116 android.view.ViewRootImpl$TraversalRunnable.run:10885 android.view.Choreographer$CallbackRecord.run:1301 
2026-05-15 13:46:34.129 28949-28949 ViewRootIm...nActivity] com.hermitech.hermivision            I  Relayout returned: old=(0,0,1600,720) new=(0,0,1600,720) req=(1600,720)0 dur=4 res=0x0 s={true 0xb400007c21aff800} ch=false seqId=0
2026-05-15 13:46:34.130 28949-28949 SurfaceView@e3c8224     com.hermitech.hermivision            D  updateSurface: has no frame
2026-05-15 13:46:34.131 28949-28949 SurfaceView@e3c8224     com.hermitech.hermivision            D  updateSurface: has no frame
2026-05-15 13:46:34.134 28949-28949 PreviewView             com.hermitech.hermivision            D  Preview transformation info updated. TransformationInfo{getCropRect=Rect(0, 0 - 960, 720), getRotationDegrees=0, getTargetRotation=-1, hasCameraTransform=true, getSensorToBufferTransform=Matrix{[1.0, 0.0, 0.0][0.0, 1.0, 0.0][0.0, 0.0, 1.0]}, getMirroring=false}
2026-05-15 13:46:34.134 28949-28949 PreviewTransform        com.hermitech.hermivision            D  Transformation info set: TransformationInfo{getCropRect=Rect(0, 0 - 960, 720), getRotationDegrees=0, getTargetRotation=-1, hasCameraTransform=true, getSensorToBufferTransform=Matrix{[1.0, 0.0, 0.0][0.0, 1.0, 0.0][0.0, 0.0, 1.0]}, getMirroring=false} 960x720 false
2026-05-15 13:46:34.134 28949-28949 CameraOrientationUtil   com.hermitech.hermivision            D  getRelativeImageRotation: destRotationDegrees=90, sourceRotationDegrees=90, isOppositeFacing=true, result=0
2026-05-15 13:46:34.135 28949-28949 SurfaceViewImpl         com.hermitech.hermivision            D  Wait for new Surface creation.
2026-05-15 13:46:34.135 28949-28949 SurfaceView@e3c8224     com.hermitech.hermivision            D  setFixedSize -1x-1 -> 960x720
2026-05-15 13:46:34.142 28949-28949 SurfaceView@e3c8224     com.hermitech.hermivision            I  Changes: creating=true format=true size=true visible=true alpha=false hint=true mUseAlpha=false visible=true left=true top=true
2026-05-15 13:46:34.145 28949-28949 BufferQueueConsumer     com.hermitech.hermivision            D  [](id:711500000003,api:0,p:-1,c:28949) connect: controlledByApp=false
2026-05-15 13:46:34.145 28949-28949 BLASTBufferQueue        com.hermitech.hermivision            I  update, w= 960 h= 720 mName = null mNativeObject= 0xb400007bfe9bc180 sc.mNativeObject= 0xb400007bfeb17080 format= 4 caller= android.view.SurfaceView.createBlastSurfaceControls:1383 android.view.SurfaceView.updateSurface:1079 android.view.SurfaceView.lambda$new$0$android-view-SurfaceView:200 android.view.SurfaceView$$ExternalSyntheticLambda5.onPreDraw:2 android.view.ViewTreeObserver.dispatchOnPreDraw:1121 android.view.ViewRootImpl.performTraversals:4442 
2026-05-15 13:46:34.146 28949-28949 SurfaceView@e3c8224     com.hermitech.hermivision            I  238846500 Cur surface: Surface(name=null)/@0xef5549a
2026-05-15 13:46:34.146 28949-28949 SurfaceView@e3c8224     com.hermitech.hermivision            I  pST: sr = Rect(0, 0 - 960, 720) sw = 960 sh = 720
2026-05-15 13:46:34.146 28949-28949 SurfaceView@e3c8224     com.hermitech.hermivision            D  performSurfaceTransaction RenderWorker position = [0, 0, 960, 720] surfaceSize = 960x720
2026-05-15 13:46:34.146 28949-28949 SurfaceView@e3c8224     com.hermitech.hermivision            I  applyTransactionOnVriDraw: vri = ViewRootImpl@de091ac[MainActivity] fRS = false t = 0xb400007bfdf1cf00 android.view.SurfaceView.performSurfaceTransaction:959 android.view.SurfaceView.updateSurface:1105 android.view.SurfaceView.lambda$new$0$android-view-SurfaceView:200 
2026-05-15 13:46:34.147 28949-28949 ViewRootIm...nActivity] com.hermitech.hermivision            I  applyTransactionOnDraw: mRemoved = false isHardwareEnabled = true t = 0xb400007bfdf1cf00android.view.SurfaceView.applyTransactionOnVriDraw:2048 android.view.SurfaceView.performSurfaceTransaction:959 android.view.SurfaceView.updateSurface:1105 android.view.SurfaceView.lambda$new$0$android-view-SurfaceView:200 android.view.SurfaceView$$ExternalSyntheticLambda5.onPreDraw:2 
2026-05-15 13:46:34.147 28949-28949 SurfaceView@e3c8224     com.hermitech.hermivision            I  updateSurface: mVisible = true mSurface.isValid() = true
2026-05-15 13:46:34.147 28949-28949 SurfaceView@e3c8224     com.hermitech.hermivision            I  updateSurface: mSurfaceCreated = false surfaceChanged = true visibleChanged = true
2026-05-15 13:46:34.147 28949-28949 SurfaceView@e3c8224     com.hermitech.hermivision            I  visibleChanged -- surfaceCreated
2026-05-15 13:46:34.147 28949-28949 SurfaceView@e3c8224     com.hermitech.hermivision            I  surfaceCreated 1 #8 android.view.SurfaceView{e3c8224 V.E...... ......I. 0,0-960,720}
2026-05-15 13:46:34.147 28949-28949 SurfaceViewImpl         com.hermitech.hermivision            D  Surface created.
2026-05-15 13:46:34.147 28949-28949 SurfaceView@e3c8224     com.hermitech.hermivision            I  surfaceChanged -- format=4 w=960 h=720
2026-05-15 13:46:34.147 28949-28949 SurfaceView@e3c8224     com.hermitech.hermivision            I  surfaceChanged (960,720) 1 #8 android.view.SurfaceView{e3c8224 V.E...... ......I. 0,0-960,720}
2026-05-15 13:46:34.147 28949-28949 SurfaceViewImpl         com.hermitech.hermivision            D  Surface changed. Size: 960x720
2026-05-15 13:46:34.147 28949-28949 SurfaceViewImpl         com.hermitech.hermivision            D  Surface set on Preview.
2026-05-15 13:46:34.149 28949-29037 SyncCaptureSessionBase  com.hermitech.hermivision            D  [androidx.camera.camera2.internal.SynchronizedCaptureSessionBaseImpl@8d46da8] getSurface...done
2026-05-15 13:46:34.149 28949-28949 SurfaceView@e3c8224     com.hermitech.hermivision            I  surfaceRedrawNeeded
2026-05-15 13:46:34.149 28949-29037 CaptureSession          com.hermitech.hermivision            D  Opening capture session.
2026-05-15 13:46:34.150 28949-28949 SurfaceView@e3c8224     com.hermitech.hermivision            V  Layout: x=0 y=0 w=960 h=720, frame=Rect(0, 0 - 960, 720)
2026-05-15 13:46:34.153 28949-28949 SurfaceView@e3c8224     com.hermitech.hermivision            I  Changes: creating=false format=false size=false visible=false alpha=false hint=false mUseAlpha=false visible=false left=false top=true
2026-05-15 13:46:34.154 28949-29037 DeferrableSurface       com.hermitech.hermivision            D  use count+1, useCount=2 androidx.camera.core.SurfaceRequest$2@c04a71d
2026-05-15 13:46:34.154 28949-28949 SurfaceView@e3c8224     com.hermitech.hermivision            I  238846500 Cur surface: Surface(name=null)/@0xef5549a
2026-05-15 13:46:34.154 28949-29037 DeferrableSurface       com.hermitech.hermivision            D  New surface in use[total_surfaces=3, used_surfaces=2](androidx.camera.core.impl.ImmediateSurface@20390de}
2026-05-15 13:46:34.154 28949-29037 DeferrableSurface       com.hermitech.hermivision            D  use count+1, useCount=1 androidx.camera.core.impl.ImmediateSurface@20390de
2026-05-15 13:46:34.155 28949-28949 SurfaceView@e3c8224     com.hermitech.hermivision            I  applyTransactionOnVriDraw: vri = ViewRootImpl@de091ac[MainActivity] fRS = false t = 0xb400007bfd053100 android.view.SurfaceView.performSurfaceTransaction:959 android.view.SurfaceView.updateSurface:1105 android.view.SurfaceView.setFrame:525 
2026-05-15 13:46:34.156 28949-28949 ViewRootIm...nActivity] com.hermitech.hermivision            I  applyTransactionOnDraw: mRemoved = false isHardwareEnabled = true t = 0xb400007bfd053100android.view.SurfaceView.applyTransactionOnVriDraw:2048 android.view.SurfaceView.performSurfaceTransaction:959 android.view.SurfaceView.updateSurface:1105 android.view.SurfaceView.setFrame:525 android.view.View.layout:24966 
2026-05-15 13:46:34.156 28949-28949 SurfaceView@e3c8224     com.hermitech.hermivision            I  updateSurface: mVisible = true mSurface.isValid() = true
2026-05-15 13:46:34.156 28949-28949 SurfaceView@e3c8224     com.hermitech.hermivision            I  updateSurface: mSurfaceCreated = true surfaceChanged = false visibleChanged = false
2026-05-15 13:46:34.156 28949-28949 SurfaceView@e3c8224     com.hermitech.hermivision            I  surfaceRedrawNeeded
2026-05-15 13:46:34.156 28949-28949 SurfaceView@e3c8224     com.hermitech.hermivision            V  Layout: x=0 y=-240 w=960 h=720, frame=Rect(0, 0 - 960, 720)
2026-05-15 13:46:34.159 28949-28988 SurfaceView@e3c8224     com.hermitech.hermivision            D  updateSurfacePosition RenderWorker, frameNr = 42, position = [0, -240, 1601, 960] surfaceSize = 960x720
2026-05-15 13:46:34.159 28949-28988 SurfaceView@e3c8224     com.hermitech.hermivision            I  uSP: rtp = Rect(0, -240 - 1601, 960) rtsw = 960 rtsh = 720
2026-05-15 13:46:34.160 28949-28988 SurfaceView@e3c8224     com.hermitech.hermivision            I  onSSPAndSRT: pl = 0 pt = -240 sx = 1.6677083 sy = 1.6666666
2026-05-15 13:46:34.160 28949-28988 SurfaceView@e3c8224     com.hermitech.hermivision            I  aOrMT: ViewRootImpl@de091ac[MainActivity] t = android.view.SurfaceControl$Transaction@e61dcf2 fN = 42 android.view.SurfaceView.-$$Nest$mapplyOrMergeTransaction:0 android.view.SurfaceView$SurfaceViewPositionUpdateListener.positionChanged:1537 android.graphics.RenderNode$CompositePositionUpdateListener.positionChanged:373 
2026-05-15 13:46:34.160 28949-28988 ViewRootIm...nActivity] com.hermitech.hermivision            I  mWNT: t=0xb400007bfe142f00 mBlastBufferQueue=0xb400007c21a69000 fn= 42 caller= android.view.SurfaceView.applyOrMergeTransaction:1455 android.view.SurfaceView.-$$Nest$mapplyOrMergeTransaction:0 android.view.SurfaceView$SurfaceViewPositionUpdateListener.positionChanged:1537 
2026-05-15 13:46:34.160 28949-28988 ViewRootIm...nActivity] com.hermitech.hermivision            I  mWNT: t=0xb400007bfdf1cf00 mBlastBufferQueue=0xb400007c21a69000 fn= 42 caller= android.view.ViewRootImpl.lambda$applyTransactionOnDraw$11$android-view-ViewRootImpl:12865 android.view.ViewRootImpl$$ExternalSyntheticLambda1.onFrameDraw:4 android.graphics.HardwareRenderer$FrameDrawingCallback.onFrameDraw:924 
2026-05-15 13:46:34.160 28949-28988 ViewRootIm...nActivity] com.hermitech.hermivision            I  mWNT: t=0xb400007bfd053100 mBlastBufferQueue=0xb400007c21a69000 fn= 42 caller= android.view.ViewRootImpl.lambda$applyTransactionOnDraw$11$android-view-ViewRootImpl:12865 android.view.ViewRootImpl$$ExternalSyntheticLambda1.onFrameDraw:4 android.graphics.HardwareRenderer$FrameDrawingCallback.onFrameDraw:924 
2026-05-15 13:46:34.163 28949-28949 SurfaceView@e3c8224     com.hermitech.hermivision            I  finishedDrawing
2026-05-15 13:46:34.170 28949-28949 SurfaceView@e3c8224     com.hermitech.hermivision            I  finishedDrawing
2026-05-15 13:46:34.368 28949-29037 CaptureSession          com.hermitech.hermivision            D  Attempting to send capture request onConfigured
2026-05-15 13:46:34.368 28949-29037 CaptureSession          com.hermitech.hermivision            D  Issuing request for session.
2026-05-15 13:46:34.369 28949-29037 Camera2Cap...estBuilder com.hermitech.hermivision            D  createCaptureRequest
2026-05-15 13:46:34.373 28949-29037 CaptureSession          com.hermitech.hermivision            D  CameraCaptureSession.onConfigured() mState=OPENED
2026-05-15 13:46:34.374 28949-29037 CaptureSession          com.hermitech.hermivision            D  CameraCaptureSession.onReady() OPENED
2026-05-15 13:46:34.374 28949-28963 CameraManagerGlobal     com.hermitech.hermivision            I  Camera 0 facing CAMERA_FACING_BACK state now CAMERA_STATE_ACTIVE for client com.hermitech.hermivision API Level 2User Id 0
2026-05-15 13:46:34.595 28949-28963 BLASTBufferQueue        com.hermitech.hermivision            I  [SurfaceView[com.hermitech.hermivision/com.hermitech.hermivision.MainActivity]@0#2](f:0,a:0) onFrameAvailable the first frame is available
2026-05-15 13:46:34.595 28949-28963 BLASTBufferQueue        com.hermitech.hermivision            I  [SurfaceView[com.hermitech.hermivision/com.hermitech.hermivision.MainActivity]@0#2](f:0,a:1) acquireNextBufferLocked size=960x720 mFrameNumber=1 applyTransaction=true mTimestamp=38970043107126 mPendingTransactions.size=0 graphicBufferId=124335008251914 transform=4
2026-05-15 13:46:34.598 28949-29103 ion                     com.hermitech.hermivision            E  ioctl c0044901 failed with code -1: Invalid argument
2026-05-15 13:46:34.599 28949-29037 StreamStateObserver     com.hermitech.hermivision            D  Update Preview stream state to STREAMING
2026-05-15 13:46:34.619 28949-29104 YoloBallDetector        com.hermitech.hermivision            I  PREPROCESS DUMP: input tensor min=0.000000, max=1.000000. Center pixel RGB=(0.650980, 0.211765, 0.000000). roi size=(640, 360)
2026-05-15 13:46:34.779 28949-29104 YoloBallDetector        com.hermitech.hermivision            I  POSTPROCESS DUMP: first 10 elements: [0.002777, 0.020874, 0.033325, 0.043640, 0.056366, 0.069092, 0.081421, 0.093689, 0.106079, 0.118469]
2026-05-15 13:46:34.779 28949-29104 YoloBallDetector        com.hermitech.hermivision            I  POSTPROCESS DUMP: elements at 8400*idx: [0.002777, 0.007561, 0.006310, 0.010635, 0.000000]
2026-05-15 13:46:34.779 28949-29104 YoloBallDetector        com.hermitech.hermivision            I  Frame 0 max ball score: 0.029770
2026-05-15 13:46:34.779 28949-29104 YoloBallDetector        com.hermitech.hermivision            I  Frame 0 timing: pre=11ms invoke=159ms post=0ms total=171ms
2026-05-15 13:46:34.794 28949-29104 YoloBallDetector        com.hermitech.hermivision            I  PREPROCESS DUMP: input tensor min=0.000000, max=1.000000. Center pixel RGB=(0.733333, 0.247059, 0.000000). roi size=(640, 360)
2026-05-15 13:46:34.905 28949-29104 YoloBallDetector        com.hermitech.hermivision            I  POSTPROCESS DUMP: first 10 elements: [0.002787, 0.020874, 0.032806, 0.042847, 0.055847, 0.068909, 0.081055, 0.093262, 0.105530, 0.117798]
2026-05-15 13:46:34.905 28949-29104 YoloBallDetector        com.hermitech.hermivision            I  POSTPROCESS DUMP: elements at 8400*idx: [0.002787, 0.007683, 0.006413, 0.010971, 0.000000]
2026-05-15 13:46:34.916 28949-29104 YoloBallDetector        com.hermitech.hermivision            I  PREPROCESS DUMP: input tensor min=0.000000, max=1.000000. Center pixel RGB=(0.749020, 0.247059, 0.000000). roi size=(640, 360)
2026-05-15 13:46:35.004 28949-28960 ViewRootIm...nActivity] com.hermitech.hermivision            I  Resizing android.view.ViewRootImpl@c9b1c98: frame = [0,0][1600,720] reportDraw = false forceLayout = false syncSeqId = 0
2026-05-15 13:46:35.005 28949-28949 InsetsController        com.hermitech.hermivision            D  onStateChanged: InsetsState: {mDisplayFrame=Rect(0, 0 - 1600, 720), mDisplayCutout=DisplayCutout{insets=Rect(59, 0 - 0, 0) waterfall=Insets{left=0, top=0, right=0, bottom=0} boundingRect={Bounds=[Rect(0, 320 - 59, 400), Rect(0, 0 - 0, 0), Rect(0, 0 - 0, 0), Rect(0, 0 - 0, 0)]} cutoutPathParserInfo={CutoutPathParserInfo{displayWidth=720 displayHeight=1600 physicalDisplayWidth=720 physicalDisplayHeight=1600 density={1.875} cutoutSpec={M 0,0 H -21.33333333333333 V 31.46666666666667 H 21.33333333333333 V 0 H 0 Z @dp} rotation={1} scale={1.0} physicalPixelDisplaySizeRatio={1.0}}}}, mRoundedCorners=RoundedCorners{[RoundedCorner{position=TopLeft, radius=60, center=Point(60, 60)}, RoundedCorner{position=TopRight, radius=60, center=Point(1540, 60)}, RoundedCorner{position=BottomRight, radius=60, center=Point(1540, 660)}, RoundedCorner{position=BottomLeft, radius=60, center=Point(60, 660)}]}  mRoundedCornerFrame=Rect(0, 0 - 1600, 720), mPrivacyIndicatorBounds=PrivacyIndicatorBounds {static bounds=Rect(1517, 0 - 1600, 45) rotation=1}, mSources= { InsetsSource: {mType=ITYPE_STATUS_BAR, mFrame=[0,0][1600,45], mVisible=true, mInsetsRoundedCornerFrame=false}, InsetsSource: {mType=ITYPE_NAVIGATION_BAR, mFrame=[1510,0][1600,720], mVisible=false, mInsetsRoundedCornerFrame=false}, InsetsSource: {mType=ITYPE_LEFT_GESTURES, mFrame=[0,0][59,720], mVisible=true, mInsetsRoundedCornerFrame=false}, InsetsSource: {mType=ITYPE_RIGHT_GESTURES, mFrame=[1600,0][1600,720], mVisible=true, mInsetsRoundedCornerFrame=false}, InsetsSource: {mType=ITYPE_TOP_MANDATORY_GESTURES, mFrame=[0,0][1600,45], mVisible=true, mInsetsRoundedCornerFrame=false}, InsetsSource: {mType=ITYPE_BOTTOM_MANDATORY_GESTURES, mFrame=[1510,0][1600,720], mVisible=true, mInsetsRoundedCornerFrame=false}, InsetsSource: {mType=ITYPE_LEFT_DISPLAY_CUTOUT, mFrame=[0,0][59,720], mVisible=true, mInsetsRoundedCornerFrame=false}, InsetsSource: {mType=ITYPE_TOP_DISPLAY_CUTOUT, mFrame=[0,0][1600,-100000], mVisible=true, mInsetsRoundedCornerFrame=false}, InsetsSource: {mType=ITYPE_RIGHT_DISPLAY_CUTOUT, mFrame=[100000,0][1600,720], mVisible=true, mInsetsRoundedCornerFrame=false}, InsetsSource: {mType=ITYPE_BOTTOM_DISPLAY_CUTOUT, mFrame=[0,100000][1600,720], mVisible=true, mInsetsRoundedCornerFrame=false}, InsetsSource: {mType=ITYPE_TOP_TAPPABLE_ELEMENT, mFrame=[0,0][1600,45], mVisible=true, mInsetsRoundedCornerFrame=false}, InsetsSource: {mType=ITYPE_BOTTOM_TAPPABLE_ELEMENT, mFrame=[1510,0][1600,720], mVisible=true, mInsetsRoundedCornerFrame=false}, InsetsSource: {mType=ITYPE_IME, mFrame=[0,0][0,0], mVisible=false, mInsetsRoundedCornerFrame=false} } host=com.hermitech.hermivision/com.hermitech.hermivision.MainActivity from=android.view.ViewRootImpl$ViewRootHandler.handleMessageImpl:6727
2026-05-15 13:46:35.006 28949-28949 ViewRootIm...nActivity] com.hermitech.hermivision            I  handleResized, msg = 4 frames=ClientWindowFrames{frame=[0,0][1600,720] display=[0,0][1600,720] parentFrame=[0,0][0,0] parentClippedByDisplayCutout=false} forceNextWindowRelayout=false displayId=0 resizeMode=-1 frameChanged=false displayFrameChanged=false configChanged=false displayChanged=false
2026-05-15 13:46:35.028 28949-29104 YoloBallDetector        com.hermitech.hermivision            I  POSTPROCESS DUMP: first 10 elements: [0.002823, 0.020874, 0.032837, 0.042847, 0.055847, 0.068970, 0.081177, 0.093445, 0.105591, 0.117920]
2026-05-15 13:46:35.028 28949-29104 YoloBallDetector        com.hermitech.hermivision            I  POSTPROCESS DUMP: elements at 8400*idx: [0.002823, 0.007717, 0.006462, 0.011040, 0.000000]
2026-05-15 13:46:35.042 28949-29104 YoloBallDetector        com.hermitech.hermivision            I  PREPROCESS DUMP: input tensor min=0.000000, max=1.000000. Center pixel RGB=(0.670588, 0.462745, 0.301961). roi size=(640, 360)
2026-05-15 13:46:35.153 28949-29104 YoloBallDetector        com.hermitech.hermivision            I  POSTPROCESS DUMP: first 10 elements: [0.003023, 0.020996, 0.032715, 0.042725, 0.055542, 0.068604, 0.080933, 0.093201, 0.105469, 0.117798]
2026-05-15 13:46:35.153 28949-29104 YoloBallDetector        com.hermitech.hermivision            I  POSTPROCESS DUMP: elements at 8400*idx: [0.003023, 0.007904, 0.006939, 0.011612, 0.000000]
2026-05-15 13:46:35.171 28949-29104 YoloBallDetector        com.hermitech.hermivision            I  PREPROCESS DUMP: input tensor min=0.000000, max=1.000000. Center pixel RGB=(0.360784, 0.215686, 0.168627). roi size=(640, 360)
2026-05-15 13:46:35.282 28949-29104 YoloBallDetector        com.hermitech.hermivision            I  POSTPROCESS DUMP: first 10 elements: [0.002689, 0.020630, 0.033020, 0.043152, 0.056641, 0.069519, 0.081543, 0.093628, 0.105774, 0.118042]
2026-05-15 13:46:35.282 28949-29104 YoloBallDetector        com.hermitech.hermivision            I  POSTPROCESS DUMP: elements at 8400*idx: [0.002689, 0.007694, 0.006065, 0.010658, 0.000000]
2026-05-15 13:46:35.306 28949-29104 YoloBallDetector        com.hermitech.hermivision            I  PREPROCESS DUMP: input tensor min=0.000000, max=1.000000. Center pixel RGB=(0.368627, 0.235294, 0.180392). roi size=(640, 360)
2026-05-15 13:46:35.328 28949-28956 InputTransport          com.hermitech.hermivision            D  Input channel destroyed: 'ClientS', fd=119
2026-05-15 13:46:35.329 28949-28972 OpenGLRenderer          com.hermitech.hermivision            D  setSurface called with nullptr
2026-05-15 13:46:35.331 28949-28957 System                  com.hermitech.hermivision            W  A resource failed to call close. 
2026-05-15 13:46:35.419 28949-29104 YoloBallDetector        com.hermitech.hermivision            I  POSTPROCESS DUMP: first 10 elements: [0.002846, 0.020721, 0.032471, 0.042480, 0.056122, 0.069336, 0.081482, 0.093750, 0.105896, 0.118225]
2026-05-15 13:46:35.419 28949-29104 YoloBallDetector        com.hermitech.hermivision            I  POSTPROCESS DUMP: elements at 8400*idx: [0.002846, 0.007904, 0.006561, 0.011314, 0.000000]
2026-05-15 13:46:35.436 28949-29104 YoloBallDetector        com.hermitech.hermivision            I  PREPROCESS DUMP: input tensor min=0.000000, max=1.000000. Center pixel RGB=(0.439216, 0.321569, 0.282353). roi size=(640, 360)
2026-05-15 13:46:35.549 28949-29104 YoloBallDetector        com.hermitech.hermivision            I  POSTPROCESS DUMP: first 10 elements: [0.002947, 0.020462, 0.032715, 0.042877, 0.057312, 0.070374, 0.082214, 0.094299, 0.106323, 0.118408]
2026-05-15 13:46:35.549 28949-29104 YoloBallDetector        com.hermitech.hermivision            I  POSTPROCESS DUMP: elements at 8400*idx: [0.002947, 0.007957, 0.006580, 0.011444, 0.000000]
2026-05-15 13:46:35.562 28949-29104 YoloBallDetector        com.hermitech.hermivision            I  PREPROCESS DUMP: input tensor min=0.000000, max=1.000000. Center pixel RGB=(0.549020, 0.396078, 0.341176). roi size=(640, 360)
2026-05-15 13:46:35.674 28949-29104 YoloBallDetector        com.hermitech.hermivision            I  POSTPROCESS DUMP: first 10 elements: [0.002934, 0.020813, 0.032562, 0.042480, 0.055817, 0.068909, 0.081055, 0.093201, 0.105347, 0.117676]
2026-05-15 13:46:35.674 28949-29104 YoloBallDetector        com.hermitech.hermivision            I  POSTPROCESS DUMP: elements at 8400*idx: [0.002934, 0.007889, 0.006798, 0.011406, 0.000000]
2026-05-15 13:46:35.687 28949-29104 YoloBallDetector        com.hermitech.hermivision            I  PREPROCESS DUMP: input tensor min=0.000000, max=1.000000. Center pixel RGB=(0.556863, 0.400000, 0.321569). roi size=(640, 360)
2026-05-15 13:46:35.797 28949-29104 YoloBallDetector        com.hermitech.hermivision            I  POSTPROCESS DUMP: first 10 elements: [0.002895, 0.020752, 0.032501, 0.042358, 0.055908, 0.069092, 0.081055, 0.093201, 0.105408, 0.117737]
2026-05-15 13:46:35.797 28949-29104 YoloBallDetector        com.hermitech.hermivision            I  POSTPROCESS DUMP: elements at 8400*idx: [0.002895, 0.007812, 0.006683, 0.011253, 0.000000]
2026-05-15 13:46:35.811 28949-29104 YoloBallDetector        com.hermitech.hermivision            I  PREPROCESS DUMP: input tensor min=0.000000, max=1.000000. Center pixel RGB=(0.450980, 0.298039, 0.235294). roi size=(640, 360)
2026-05-15 13:46:35.922 28949-29104 YoloBallDetector        com.hermitech.hermivision            I  POSTPROCESS DUMP: first 10 elements: [0.003004, 0.020859, 0.032440, 0.042328, 0.055603, 0.068909, 0.081116, 0.093384, 0.105530, 0.117920]
2026-05-15 13:46:35.922 28949-29104 YoloBallDetector        com.hermitech.hermivision            I  POSTPROCESS DUMP: elements at 8400*idx: [0.003004, 0.007889, 0.006878, 0.011589, 0.000000]
2026-05-15 13:46:35.935 28949-29104 YoloBallDetector        com.hermitech.hermivision            I  PREPROCESS DUMP: input tensor min=0.000000, max=1.000000. Center pixel RGB=(0.337255, 0.200000, 0.156863). roi size=(640, 360)
2026-05-15 13:46:36.046 28949-29104 YoloBallDetector        com.hermitech.hermivision            I  POSTPROCESS DUMP: first 10 elements: [0.002829, 0.020737, 0.032623, 0.042633, 0.056183, 0.069336, 0.081421, 0.093506, 0.105652, 0.117859]
2026-05-15 13:46:36.046 28949-29104 YoloBallDetector        com.hermitech.hermivision            I  POSTPROCESS DUMP: elements at 8400*idx: [0.002829, 0.007790, 0.006474, 0.011047, 0.000000]
2026-05-15 13:46:36.059 28949-29104 YoloBallDetector        com.hermitech.hermivision            I  PREPROCESS DUMP: input tensor min=0.000000, max=1.000000. Center pixel RGB=(0.321569, 0.184314, 0.141176). roi size=(640, 360)
2026-05-15 13:46:36.169 28949-29104 YoloBallDetector        com.hermitech.hermivision            I  POSTPROCESS DUMP: first 10 elements: [0.002880, 0.020660, 0.032471, 0.042358, 0.055847, 0.069092, 0.081177, 0.093384, 0.105469, 0.117798]
2026-05-15 13:46:36.169 28949-29104 YoloBallDetector        com.hermitech.hermivision            I  POSTPROCESS DUMP: elements at 8400*idx: [0.002880, 0.007935, 0.006638, 0.011406, 0.000000]
2026-05-15 13:46:36.181 28949-29104 YoloBallDetector        com.hermitech.hermivision            I  PREPROCESS DUMP: input tensor min=0.000000, max=1.000000. Center pixel RGB=(0.352941, 0.207843, 0.176471). roi size=(640, 360)
2026-05-15 13:46:36.292 28949-29104 YoloBallDetector        com.hermitech.hermivision            I  POSTPROCESS DUMP: first 10 elements: [0.002850, 0.020569, 0.032379, 0.042297, 0.055603, 0.068848, 0.081055, 0.093262, 0.105530, 0.117920]
2026-05-15 13:46:36.292 28949-29104 YoloBallDetector        com.hermitech.hermivision            I  POSTPROCESS DUMP: elements at 8400*idx: [0.002850, 0.008003, 0.006630, 0.011475, 0.000000]
2026-05-15 13:46:36.302 28949-29104 YoloBallDetector        com.hermitech.hermivision            I  PREPROCESS DUMP: input tensor min=0.000000, max=1.000000. Center pixel RGB=(0.345098, 0.243137, 0.203922). roi size=(640, 360)
2026-05-15 13:46:36.414 28949-29104 YoloBallDetector        com.hermitech.hermivision            I  POSTPROCESS DUMP: first 10 elements: [0.002869, 0.020630, 0.032410, 0.042358, 0.055664, 0.068970, 0.081177, 0.093384, 0.105591, 0.117798]
2026-05-15 13:46:36.414 28949-29104 YoloBallDetector        com.hermitech.hermivision            I  POSTPROCESS DUMP: elements at 8400*idx: [0.002869, 0.007950, 0.006638, 0.011444, 0.000000]
2026-05-15 13:46:36.433 28949-29104 YoloBallDetector        com.hermitech.hermivision            I  PREPROCESS DUMP: input tensor min=0.000000, max=1.000000. Center pixel RGB=(0.188235, 0.070588, 0.023529). roi size=(640, 360)
2026-05-15 13:46:36.545 28949-29104 YoloBallDetector        com.hermitech.hermivision            I  POSTPROCESS DUMP: first 10 elements: [0.002785, 0.020508, 0.032471, 0.042358, 0.056152, 0.069336, 0.081421, 0.093445, 0.105652, 0.117920]
2026-05-15 13:46:36.545 28949-29104 YoloBallDetector        com.hermitech.hermivision            I  POSTPROCESS DUMP: elements at 8400*idx: [0.002785, 0.007904, 0.006439, 0.011177, 0.000000]
2026-05-15 13:46:36.564 28949-29104 YoloBallDetector        com.hermitech.hermivision            I  PREPROCESS DUMP: input tensor min=0.000000, max=1.000000. Center pixel RGB=(0.105882, 0.007843, 0.003922). roi size=(640, 360)
2026-05-15 13:46:36.683 28949-29104 YoloBallDetector        com.hermitech.hermivision            I  POSTPROCESS DUMP: first 10 elements: [0.002850, 0.020508, 0.032440, 0.042328, 0.056030, 0.069336, 0.081421, 0.093689, 0.105774, 0.117920]
2026-05-15 13:46:36.683 28949-29104 YoloBallDetector        com.hermitech.hermivision            I  POSTPROCESS DUMP: elements at 8400*idx: [0.002850, 0.008041, 0.006554, 0.011505, 0.000000]
2026-05-15 13:46:36.701 28949-29104 YoloBallDetector        com.hermitech.hermivision            I  PREPROCESS DUMP: input tensor min=0.000000, max=1.000000. Center pixel RGB=(0.121569, 0.019608, 0.007843). roi size=(640, 360)
2026-05-15 13:46:36.821 28949-29104 YoloBallDetector        com.hermitech.hermivision            I  POSTPROCESS DUMP: first 10 elements: [0.002844, 0.020538, 0.032410, 0.042419, 0.055939, 0.069214, 0.081299, 0.093628, 0.105713, 0.117981]
2026-05-15 13:46:36.821 28949-29104 YoloBallDetector        com.hermitech.hermivision            I  POSTPROCESS DUMP: elements at 8400*idx: [0.002844, 0.008057, 0.006565, 0.011520, 0.000000]
2026-05-15 13:46:36.836 28949-29104 YoloBallDetector        com.hermitech.hermivision            I  PREPROCESS DUMP: input tensor min=0.000000, max=1.000000. Center pixel RGB=(0.466667, 0.380392, 0.360784). roi size=(640, 360)
2026-05-15 13:46:36.916 28949-28949 InsetsController        com.hermitech.hermivision            D  onStateChanged: InsetsState: {mDisplayFrame=Rect(0, 0 - 1600, 720), mDisplayCutout=DisplayCutout{insets=Rect(59, 0 - 0, 0) waterfall=Insets{left=0, top=0, right=0, bottom=0} boundingRect={Bounds=[Rect(0, 320 - 59, 400), Rect(0, 0 - 0, 0), Rect(0, 0 - 0, 0), Rect(0, 0 - 0, 0)]} cutoutPathParserInfo={CutoutPathParserInfo{displayWidth=720 displayHeight=1600 physicalDisplayWidth=720 physicalDisplayHeight=1600 density={1.875} cutoutSpec={M 0,0 H -21.33333333333333 V 31.46666666666667 H 21.33333333333333 V 0 H 0 Z @dp} rotation={1} scale={1.0} physicalPixelDisplaySizeRatio={1.0}}}}, mRoundedCorners=RoundedCorners{[RoundedCorner{position=TopLeft, radius=60, center=Point(60, 60)}, RoundedCorner{position=TopRight, radius=60, center=Point(1540, 60)}, RoundedCorner{position=BottomRight, radius=60, center=Point(1540, 660)}, RoundedCorner{position=BottomLeft, radius=60, center=Point(60, 660)}]}  mRoundedCornerFrame=Rect(0, 0 - 1600, 720), mPrivacyIndicatorBounds=PrivacyIndicatorBounds {static bounds=Rect(1517, 0 - 1600, 45) rotation=1}, mSources= { InsetsSource: {mType=ITYPE_STATUS_BAR, mFrame=[0,0][1600,45], mVisible=true, mInsetsRoundedCornerFrame=false}, InsetsSource: {mType=ITYPE_NAVIGATION_BAR, mFrame=[1510,0][1600,720], mVisible=false, mInsetsRoundedCornerFrame=false}, InsetsSource: {mType=ITYPE_LEFT_GESTURES, mFrame=[0,0][59,720], mVisible=true, mInsetsRoundedCornerFrame=false}, InsetsSource: {mType=ITYPE_RIGHT_GESTURES, mFrame=[1600,0][1600,720], mVisible=true, mInsetsRoundedCornerFrame=false}, InsetsSource: {mType=ITYPE_TOP_MANDATORY_GESTURES, mFrame=[0,0][1600,45], mVisible=true, mInsetsRoundedCornerFrame=false}, InsetsSource: {mType=ITYPE_BOTTOM_MANDATORY_GESTURES, mFrame=[1510,0][1600,720], mVisible=true, mInsetsRoundedCornerFrame=false}, InsetsSource: {mType=ITYPE_LEFT_DISPLAY_CUTOUT, mFrame=[0,0][59,720], mVisible=true, mInsetsRoundedCornerFrame=false}, InsetsSource: {mType=ITYPE_TOP_DISPLAY_CUTOUT, mFrame=[0,0][1600,-100000], mVisible=true, mInsetsRoundedCornerFrame=false}, InsetsSource: {mType=ITYPE_RIGHT_DISPLAY_CUTOUT, mFrame=[100000,0][1600,720], mVisible=true, mInsetsRoundedCornerFrame=false}, InsetsSource: {mType=ITYPE_BOTTOM_DISPLAY_CUTOUT, mFrame=[0,100000][1600,720], mVisible=true, mInsetsRoundedCornerFrame=false}, InsetsSource: {mType=ITYPE_TOP_TAPPABLE_ELEMENT, mFrame=[0,0][1600,45], mVisible=true, mInsetsRoundedCornerFrame=false}, InsetsSource: {mType=ITYPE_BOTTOM_TAPPABLE_ELEMENT, mFrame=[1510,0][1600,720], mVisible=true, mInsetsRoundedCornerFrame=false}, InsetsSource: {mType=ITYPE_IME, mFrame=[0,0][0,0], mVisible=false, mInsetsRoundedCornerFrame=false} } host=com.hermitech.hermivision/com.hermitech.hermivision.MainActivity from=android.view.ViewRootImpl$ViewRootHandler.handleMessageImpl:6740
2026-05-15 13:46:36.918 28949-29115 ViewRootIm...nActivity] com.hermitech.hermivision            I  Resizing android.view.ViewRootImpl@c9b1c98: frame = [0,0][1600,720] reportDraw = false forceLayout = false syncSeqId = 0
2026-05-15 13:46:36.919 28949-28949 InsetsController        com.hermitech.hermivision            D  onStateChanged: InsetsState: {mDisplayFrame=Rect(0, 0 - 1600, 720), mDisplayCutout=DisplayCutout{insets=Rect(59, 0 - 0, 0) waterfall=Insets{left=0, top=0, right=0, bottom=0} boundingRect={Bounds=[Rect(0, 320 - 59, 400), Rect(0, 0 - 0, 0), Rect(0, 0 - 0, 0), Rect(0, 0 - 0, 0)]} cutoutPathParserInfo={CutoutPathParserInfo{displayWidth=720 displayHeight=1600 physicalDisplayWidth=720 physicalDisplayHeight=1600 density={1.875} cutoutSpec={M 0,0 H -21.33333333333333 V 31.46666666666667 H 21.33333333333333 V 0 H 0 Z @dp} rotation={1} scale={1.0} physicalPixelDisplaySizeRatio={1.0}}}}, mRoundedCorners=RoundedCorners{[RoundedCorner{position=TopLeft, radius=60, center=Point(60, 60)}, RoundedCorner{position=TopRight, radius=60, center=Point(1540, 60)}, RoundedCorner{position=BottomRight, radius=60, center=Point(1540, 660)}, RoundedCorner{position=BottomLeft, radius=60, center=Point(60, 660)}]}  mRoundedCornerFrame=Rect(0, 0 - 1600, 720), mPrivacyIndicatorBounds=PrivacyIndicatorBounds {static bounds=Rect(1517, 0 - 1600, 45) rotation=1}, mSources= { InsetsSource: {mType=ITYPE_STATUS_BAR, mFrame=[0,0][1600,45], mVisible=false, mInsetsRoundedCornerFrame=false}, InsetsSource: {mType=ITYPE_NAVIGATION_BAR, mFrame=[1510,0][1600,720], mVisible=false, mInsetsRoundedCornerFrame=false}, InsetsSource: {mType=ITYPE_LEFT_GESTURES, mFrame=[0,0][59,720], mVisible=true, mInsetsRoundedCornerFrame=false}, InsetsSource: {mType=ITYPE_RIGHT_GESTURES, mFrame=[1600,0][1600,720], mVisible=true, mInsetsRoundedCornerFrame=false}, InsetsSource: {mType=ITYPE_TOP_MANDATORY_GESTURES, mFrame=[0,0][1600,45], mVisible=true, mInsetsRoundedCornerFrame=false}, InsetsSource: {mType=ITYPE_BOTTOM_MANDATORY_GESTURES, mFrame=[1510,0][1600,720], mVisible=true, mInsetsRoundedCornerFrame=false}, InsetsSource: {mType=ITYPE_LEFT_DISPLAY_CUTOUT, mFrame=[0,0][59,720], mVisible=true, mInsetsRoundedCornerFrame=false}, InsetsSource: {mType=ITYPE_TOP_DISPLAY_CUTOUT, mFrame=[0,0][1600,-100000], mVisible=true, mInsetsRoundedCornerFrame=false}, InsetsSource: {mType=ITYPE_RIGHT_DISPLAY_CUTOUT, mFrame=[100000,0][1600,720], mVisible=true, mInsetsRoundedCornerFrame=false}, InsetsSource: {mType=ITYPE_BOTTOM_DISPLAY_CUTOUT, mFrame=[0,100000][1600,720], mVisible=true, mInsetsRoundedCornerFrame=false}, InsetsSource: {mType=ITYPE_TOP_TAPPABLE_ELEMENT, mFrame=[0,0][1600,45], mVisible=true, mInsetsRoundedCornerFrame=false}, InsetsSource: {mType=ITYPE_BOTTOM_TAPPABLE_ELEMENT, mFrame=[1510,0][1600,720], mVisible=true, mInsetsRoundedCornerFrame=false}, InsetsSource: {mType=ITYPE_IME, mFrame=[0,0][0,0], mVisible=false, mInsetsRoundedCornerFrame=false} } host=com.hermitech.hermivision/com.hermitech.hermivision.MainActivity from=android.view.ViewRootImpl$ViewRootHandler.handleMessageImpl:6727
2026-05-15 13:46:36.919 28949-28949 ViewRootIm...nActivity] com.hermitech.hermivision            I  handleResized, msg = 4 frames=ClientWindowFrames{frame=[0,0][1600,720] display=[0,0][1600,720] parentFrame=[0,0][0,0] parentClippedByDisplayCutout=false} forceNextWindowRelayout=false displayId=0 resizeMode=-1 frameChanged=false displayFrameChanged=false configChanged=false displayChanged=false
2026-05-15 13:46:36.954 28949-29104 YoloBallDetector        com.hermitech.hermivision            I  POSTPROCESS DUMP: first 10 elements: [0.002827, 0.020477, 0.032471, 0.042480, 0.056000, 0.069275, 0.081360, 0.093628, 0.105713, 0.117920]
2026-05-15 13:46:36.954 28949-29104 YoloBallDetector        com.hermitech.hermivision            I  POSTPROCESS DUMP: elements at 8400*idx: [0.002827, 0.008049, 0.006554, 0.011536, 0.000000]
2026-05-15 13:46:36.970 28949-29104 YoloBallDetector        com.hermitech.hermivision            I  PREPROCESS DUMP: input tensor min=0.000000, max=1.000000. Center pixel RGB=(0.098039, 0.015686, 0.011765). roi size=(640, 360)
2026-05-15 13:46:37.086 28949-29104 YoloBallDetector        com.hermitech.hermivision            I  POSTPROCESS DUMP: first 10 elements: [0.002892, 0.020630, 0.032349, 0.042297, 0.055359, 0.068787, 0.080933, 0.093201, 0.105408, 0.117737]
2026-05-15 13:46:37.086 28949-29104 YoloBallDetector        com.hermitech.hermivision            I  POSTPROCESS DUMP: elements at 8400*idx: [0.002892, 0.008057, 0.006737, 0.011726, 0.000000]
2026-05-15 13:46:37.101 28949-29104 YoloBallDetector        com.hermitech.hermivision            I  PREPROCESS DUMP: input tensor min=0.000000, max=1.000000. Center pixel RGB=(0.113725, 0.643137, 0.223529). roi size=(640, 360)
2026-05-15 13:46:37.218 28949-29104 YoloBallDetector        com.hermitech.hermivision            I  POSTPROCESS DUMP: first 10 elements: [0.002789, 0.020538, 0.032288, 0.042175, 0.055573, 0.068909, 0.080994, 0.093262, 0.105591, 0.117798]
2026-05-15 13:46:37.218 28949-29104 YoloBallDetector        com.hermitech.hermivision            I  POSTPROCESS DUMP: elements at 8400*idx: [0.002789, 0.008072, 0.006554, 0.011505, 0.000000]
2026-05-15 13:46:37.234 28949-29104 YoloBallDetector        com.hermitech.hermivision            I  PREPROCESS DUMP: input tensor min=0.000000, max=1.000000. Center pixel RGB=(1.000000, 1.000000, 1.000000). roi size=(640, 360)
2026-05-15 13:46:37.351 28949-29104 YoloBallDetector        com.hermitech.hermivision            I  POSTPROCESS DUMP: first 10 elements: [0.002697, 0.020462, 0.032379, 0.042297, 0.055786, 0.069031, 0.081177, 0.093384, 0.105530, 0.117859]
2026-05-15 13:46:37.351 28949-29104 YoloBallDetector        com.hermitech.hermivision            I  POSTPROCESS DUMP: elements at 8400*idx: [0.002697, 0.007942, 0.006348, 0.011093, 0.000000]
2026-05-15 13:46:37.367 28949-29104 YoloBallDetector        com.hermitech.hermivision            I  PREPROCESS DUMP: input tensor min=0.000000, max=1.000000. Center pixel RGB=(1.000000, 1.000000, 1.000000). roi size=(640, 360)
2026-05-15 13:46:37.484 28949-29104 YoloBallDetector        com.hermitech.hermivision            I  POSTPROCESS DUMP: first 10 elements: [0.002705, 0.020447, 0.032227, 0.042175, 0.055664, 0.068848, 0.080933, 0.093140, 0.105591, 0.117859]
2026-05-15 13:46:37.484 28949-29104 YoloBallDetector        com.hermitech.hermivision            I  POSTPROCESS DUMP: elements at 8400*idx: [0.002705, 0.008057, 0.006432, 0.011345, 0.000000]
2026-05-15 13:46:37.499 28949-29104 YoloBallDetector        com.hermitech.hermivision            I  PREPROCESS DUMP: input tensor min=0.000000, max=1.000000. Center pixel RGB=(1.000000, 1.000000, 1.000000). roi size=(640, 360)
2026-05-15 13:46:37.616 28949-29104 YoloBallDetector        com.hermitech.hermivision            I  POSTPROCESS DUMP: first 10 elements: [0.002825, 0.020599, 0.032288, 0.042236, 0.055573, 0.068848, 0.081116, 0.093262, 0.105591, 0.117920]
2026-05-15 13:46:37.616 28949-29104 YoloBallDetector        com.hermitech.hermivision            I  POSTPROCESS DUMP: elements at 8400*idx: [0.002825, 0.008057, 0.006626, 0.011520, 0.000000]
2026-05-15 13:46:37.631 28949-29104 YoloBallDetector        com.hermitech.hermivision            I  PREPROCESS DUMP: input tensor min=0.000000, max=1.000000. Center pixel RGB=(1.000000, 1.000000, 1.000000). roi size=(640, 360)
2026-05-15 13:46:37.748 28949-29104 YoloBallDetector        com.hermitech.hermivision            I  POSTPROCESS DUMP: first 10 elements: [0.002777, 0.020340, 0.032166, 0.042114, 0.055603, 0.068970, 0.081177, 0.093506, 0.105713, 0.117981]
2026-05-15 13:46:37.748 28949-29104 YoloBallDetector        com.hermitech.hermivision            I  POSTPROCESS DUMP: elements at 8400*idx: [0.002777, 0.008163, 0.006531, 0.011597, 0.000000]
2026-05-15 13:46:37.760 28949-29104 YoloBallDetector        com.hermitech.hermivision            I  PREPROCESS DUMP: input tensor min=0.000000, max=1.000000. Center pixel RGB=(1.000000, 1.000000, 1.000000). roi size=(640, 360)
2026-05-15 13:46:37.875 28949-29104 YoloBallDetector        com.hermitech.hermivision            I  POSTPROCESS DUMP: first 10 elements: [0.002895, 0.020569, 0.032227, 0.042175, 0.055450, 0.068726, 0.080933, 0.093262, 0.105530, 0.117737]
2026-05-15 13:46:37.875 28949-29104 YoloBallDetector        com.hermitech.hermivision            I  POSTPROCESS DUMP: elements at 8400*idx: [0.002895, 0.008110, 0.006783, 0.011749, 0.000000]
2026-05-15 13:46:37.890 28949-29104 YoloBallDetector        com.hermitech.hermivision            I  PREPROCESS DUMP: input tensor min=0.000000, max=1.000000. Center pixel RGB=(1.000000, 1.000000, 1.000000). roi size=(640, 360)
2026-05-15 13:46:38.005 28949-29104 YoloBallDetector        com.hermitech.hermivision            I  POSTPROCESS DUMP: first 10 elements: [0.002869, 0.020493, 0.032166, 0.042084, 0.055054, 0.068237, 0.080444, 0.093018, 0.105408, 0.117737]
2026-05-15 13:46:38.005 28949-29104 YoloBallDetector        com.hermitech.hermivision            I  POSTPROCESS DUMP: elements at 8400*idx: [0.002869, 0.008202, 0.006836, 0.011917, 0.000000]
2026-05-15 13:46:38.020 28949-29104 YoloBallDetector        com.hermitech.hermivision            I  PREPROCESS DUMP: input tensor min=0.000000, max=1.000000. Center pixel RGB=(1.000000, 1.000000, 1.000000). roi size=(640, 360)
2026-05-15 13:46:38.134 28949-29104 YoloBallDetector        com.hermitech.hermivision            I  POSTPROCESS DUMP: first 10 elements: [0.002850, 0.020416, 0.032196, 0.042053, 0.055206, 0.068359, 0.080688, 0.093140, 0.105652, 0.117798]
2026-05-15 13:46:38.135 28949-29104 YoloBallDetector        com.hermitech.hermivision            I  POSTPROCESS DUMP: elements at 8400*idx: [0.002850, 0.008217, 0.006721, 0.011841, 0.000000]
2026-05-15 13:46:38.146 28949-29104 YoloBallDetector        com.hermitech.hermivision            I  PREPROCESS DUMP: input tensor min=0.000000, max=1.000000. Center pixel RGB=(1.000000, 1.000000, 1.000000). roi size=(640, 360)
2026-05-15 13:46:38.263 28949-29104 YoloBallDetector        com.hermitech.hermivision            I  POSTPROCESS DUMP: first 10 elements: [0.002800, 0.020416, 0.032257, 0.042145, 0.056030, 0.069458, 0.081482, 0.093628, 0.105835, 0.118042]
2026-05-15 13:46:38.263 28949-29104 YoloBallDetector        com.hermitech.hermivision            I  POSTPROCESS DUMP: elements at 8400*idx: [0.002800, 0.008148, 0.006531, 0.011589, 0.000000]
2026-05-15 13:46:38.278 28949-29104 YoloBallDetector        com.hermitech.hermivision            I  PREPROCESS DUMP: input tensor min=0.000000, max=1.000000. Center pixel RGB=(0.862745, 0.886275, 0.886275). roi size=(640, 360)
2026-05-15 13:46:38.393 28949-29104 YoloBallDetector        com.hermitech.hermivision            I  POSTPROCESS DUMP: first 10 elements: [0.002750, 0.020447, 0.032379, 0.042206, 0.056000, 0.069275, 0.081360, 0.093506, 0.105713, 0.118042]
2026-05-15 13:46:38.393 28949-29104 YoloBallDetector        com.hermitech.hermivision            I  POSTPROCESS DUMP: elements at 8400*idx: [0.002750, 0.008026, 0.006432, 0.011322, 0.000000]
2026-05-15 13:46:38.408 28949-29104 YoloBallDetector        com.hermitech.hermivision            I  PREPROCESS DUMP: input tensor min=0.000000, max=1.000000. Center pixel RGB=(1.000000, 1.000000, 1.000000). roi size=(640, 360)
2026-05-15 13:46:38.523 28949-29104 YoloBallDetector        com.hermitech.hermivision            I  POSTPROCESS DUMP: first 10 elements: [0.002850, 0.020615, 0.032410, 0.042389, 0.056274, 0.069580, 0.081543, 0.093628, 0.105713, 0.117920]
2026-05-15 13:46:38.523 28949-29104 YoloBallDetector        com.hermitech.hermivision            I  POSTPROCESS DUMP: elements at 8400*idx: [0.002850, 0.007965, 0.006577, 0.011414, 0.000000]
2026-05-15 13:46:38.540 28949-29104 YoloBallDetector        com.hermitech.hermivision            I  PREPROCESS DUMP: input tensor min=0.000000, max=1.000000. Center pixel RGB=(1.000000, 1.000000, 1.000000). roi size=(640, 360)
2026-05-15 13:46:38.656 28949-29104 YoloBallDetector        com.hermitech.hermivision            I  POSTPROCESS DUMP: first 10 elements: [0.002752, 0.020554, 0.032379, 0.042389, 0.056152, 0.069397, 0.081421, 0.093506, 0.105591, 0.117859]
2026-05-15 13:46:38.657 28949-29104 YoloBallDetector        com.hermitech.hermivision            I  POSTPROCESS DUMP: elements at 8400*idx: [0.002752, 0.007980, 0.006481, 0.011292, 0.000000]
2026-05-15 13:46:38.657 28949-29104 YoloBallDetector        com.hermitech.hermivision            I  Frame 30 max ball score: 0.000884
2026-05-15 13:46:38.657 28949-29104 YoloBallDetector        com.hermitech.hermivision            I  Frame 30 timing: pre=7ms invoke=116ms post=0ms total=123ms
2026-05-15 13:46:38.671 28949-29104 YoloBallDetector        com.hermitech.hermivision            I  PREPROCESS DUMP: input tensor min=0.000000, max=1.000000. Center pixel RGB=(0.831373, 0.894118, 0.843137). roi size=(640, 360)
2026-05-15 13:46:38.789 28949-29104 YoloBallDetector        com.hermitech.hermivision            I  POSTPROCESS DUMP: first 10 elements: [0.002720, 0.020447, 0.032349, 0.042297, 0.056152, 0.069336, 0.081360, 0.093384, 0.105652, 0.117981]
2026-05-15 13:46:38.789 28949-29104 YoloBallDetector        com.hermitech.hermivision            I  POSTPROCESS DUMP: elements at 8400*idx: [0.002720, 0.007935, 0.006371, 0.011139, 0.000000]
2026-05-15 13:46:38.816 28949-29033 CourtDetector           com.hermitech.hermivision            I  Court frame 31 timing: pre=11ms invoke=105ms post=0ms total=116ms
2026-05-15 13:46:38.816 28949-29033 HermiPipeline           com.hermitech.hermivision            I  Court detection ran at 5011ms since last run
2026-05-15 13:46:38.826 28949-29104 YoloBallDetector        com.hermitech.hermivision            I  PREPROCESS DUMP: input tensor min=0.000000, max=1.000000. Center pixel RGB=(0.811765, 0.937255, 0.905882). roi size=(640, 360)
2026-05-15 13:46:38.942 28949-29104 YoloBallDetector        com.hermitech.hermivision            I  POSTPROCESS DUMP: first 10 elements: [0.002764, 0.020569, 0.032532, 0.042542, 0.056763, 0.069946, 0.081787, 0.093811, 0.105835, 0.118042]
2026-05-15 13:46:38.942 28949-29104 YoloBallDetector        com.hermitech.hermivision            I  POSTPROCESS DUMP: elements at 8400*idx: [0.002764, 0.007874, 0.006359, 0.011070, 0.000000]
2026-05-15 13:46:38.945 28949-29104 System.out              com.hermitech.hermivision            I  [HermiVision][CourtManager] Court REJECTED: Area too small: 1.5% of frame (min 5.0%)
2026-05-15 13:46:38.946 28949-29104 System.out              com.hermitech.hermivision            I  Frame: 960x720
2026-05-15 13:46:38.946 28949-29104 System.out              com.hermitech.hermivision            I    TL: (484.3, 225.8)
2026-05-15 13:46:38.946 28949-29104 System.out              com.hermitech.hermivision            I    TR: (473.9, 225.9)
2026-05-15 13:46:38.946 28949-29104 System.out              com.hermitech.hermivision            I    BL: (504.4, 553.3)
2026-05-15 13:46:38.946 28949-29104 System.out              com.hermitech.hermivision            I    BR: (452.5, 553.6)
2026-05-15 13:46:38.946 28949-29104 System.out              com.hermitech.hermivision            I    P4: (481.3, 226.0)
2026-05-15 13:46:38.946 28949-29104 System.out              com.hermitech.hermivision            I    P5: (489.1, 553.7)
2026-05-15 13:46:38.946 28949-29104 System.out              com.hermitech.hermivision            I    P6: (475.9, 226.1)
2026-05-15 13:46:38.946 28949-29104 System.out              com.hermitech.hermivision            I    P7: (465.6, 553.4)
2026-05-15 13:46:38.946 28949-29104 System.out              com.hermitech.hermivision            I    P8: (482.3, 273.4)
